******************************************************************************
                  TI ARM Linker Unix v20.2.7                   
******************************************************************************
>> Linked Fri Nov 28 01:39:55 2025

OUTPUT FILE NAME:   <S550 Cluster.out>
ENTRY POINT SYMBOL: "_c_int00_noargs"  address: 000031f5


MEMORY CONFIGURATION

         name            origin    length      used     unused   attr    fill
----------------------  --------  ---------  --------  --------  ----  --------
  FLASH                 00000000   00040000  00003a26  0003c5da  R  X
  SRAM                  20000000   00008000  000004c4  00007b3c  RW X


SEGMENT ALLOCATION MAP

run origin  load origin   length   init length attrs members
----------  ----------- ---------- ----------- ----- -------
00000000    00000000    00003a30   00003a30    r-x
  00000000    00000000    0000026c   0000026c    r-- .intvecs
  0000026c    0000026c    00003256   00003256    r-x .text
  000034c8    000034c8    00000514   00000514    r-- .const
  000039e0    000039e0    00000050   00000050    r-- .cinit
20000000    20000000    000004c8   00000000    rw-
  20000000    20000000    0000026c   00000000    rw- .vtable
  20000270    20000270    00000200   00000000    rw- .stack
  20000470    20000470    00000030   00000000    rw- .bss
  200004a0    200004a0    00000028   00000000    rw- .data


SECTION ALLOCATION MAP

 output                                  attributes/
section   page    origin      length       input sections
--------  ----  ----------  ----------   ----------------
.intvecs   0    00000000    0000026c     
                  00000000    0000026c     tm4c123gh6pm_startup_ccs.obj (.intvecs)

.text      0    0000026c    00003256     
                  0000026c    000007b8     main.obj (.text)
                  00000a24    00000738     rtsv7M4_T_le_v4SPD16_eabi.lib : k_rem_pio2.c.obj (.text:__kernel_rem_pio2)
                  0000115c    000005dc                                   : s_cos.c.obj (.text:cos)
                  00001738    0000035c     s550_cluster.obj (.text)
                  00001a94    000001f8     s550_uart.obj (.text)
                  00001c8c    000001b6     rtsv7M4_T_le_v4SPD16_eabi.lib : fd_add_t2.asm.obj (.text)
                  00001e42    00000002                                   : div0.asm.obj (.text)
                  00001e44    00000174                                   : k_sin.c.obj (.text:__kernel_sin)
                  00001fb8    00000170                                   : k_cos.c.obj (.text:__kernel_cos)
                  00002128    0000016c     driverlib.lib : gpio.obj (.text:GPIOPadConfigSet)
                  00002294    00000130                   : can.obj (.text:CANMessageSet)
                  000023c4    00000118                   : sysctl.obj (.text:SysCtlClockGet)
                  000024dc    00000114     s550_timer.obj (.text)
                  000025f0    00000110     rtsv7M4_T_le_v4SPD16_eabi.lib : s_scalbn.c.obj (.text:scalbn)
                  00002700    000000fc                                   : fd_mul_t2.asm.obj (.text)
                  000027fc    000000f8                                   : s_floor.c.obj (.text:floor)
                  000028f4    000000f4     driverlib.lib : sysctl.obj (.text:SysCtlClockSet)
                  000029e8    0000009c     rtsv7M4_T_le_v4SPD16_eabi.lib : memcpy_t2.asm.obj (.text)
                  00002a84    00000086                                   : fd_cmp_t2.asm.obj (.text:__aeabi_cdcmple)
                  00002b0a    00000086                                   : fd_cmp_t2.asm.obj (.text:__aeabi_cdrcmple)
                  00002b90    0000007a                                   : memset_t2.asm.obj (.text)
                  00002c0a    0000006e                                   : fd_tos_t2.asm.obj (.text)
                  00002c78    0000006c     driverlib.lib : can.obj (.text:CANBitRateSet)
                  00002ce4    00000068                   : interrupt.obj (.text:IntEnable)
                  00002d4c    00000068     rtsv7M4_T_le_v4SPD16_eabi.lib : copy_decompress_lzss.c.obj (.text:decompress:lzss:__TI_decompress_lzss)
                  00002db4    00000060     driverlib.lib : timer.obj (.text:TimerConfigure)
                  00002e14    0000005c                   : can.obj (.text:_CANIntNumberGet)
                  00002e70    0000004c                   : gpio.obj (.text:GPIOPinConfigure)
                  00002ebc    0000004c                   : timer.obj (.text:_TimerIntNumberGet)
                  00002f08    00000048     rtsv7M4_T_le_v4SPD16_eabi.lib : fd_toi_t2.asm.obj (.text)
                  00002f50    00000046     driverlib.lib : uart.obj (.text:UARTConfigSetExpClk)
                  00002f96    00000002     --HOLE-- [fill = 0]
                  00002f98    00000044     rtsv7M4_T_le_v4SPD16_eabi.lib : autoinit.c.obj (.text:__TI_auto_init_nobinit_nopinit:__TI_auto_init_nobinit_nopinit)
                  00002fdc    00000044                                   : fd_tou_t2.asm.obj (.text)
                  00003020    00000040     driverlib.lib : can.obj (.text:CANStatusGet)
                  00003060    00000040                   : uart.obj (.text:_UARTIntNumberGet)
                  000030a0    00000040     rtsv7M4_T_le_v4SPD16_eabi.lib : u_divt2.asm.obj (.text)
                  000030e0    0000003a     driverlib.lib : can.obj (.text:CANInit)
                  0000311a    00000002     --HOLE-- [fill = 0]
                  0000311c    00000038                   : sysctl.obj (.text:SysCtlPeripheralPresent)
                  00003154    00000038     rtsv7M4_T_le_v4SPD16_eabi.lib : fs_tod_t2.asm.obj (.text)
                  0000318c    00000034     driverlib.lib : interrupt.obj (.text:IntRegister)
                  000031c0    00000034                   : sysctl.obj (.text:SysCtlPeripheralEnable)
                  000031f4    00000034     rtsv7M4_T_le_v4SPD16_eabi.lib : boot_cortex_m.c.obj (.text:_c_int00_noargs:_c_int00_noargs)
                  00003228    0000002e                                   : i_tofd_t2.asm.obj (.text)
                  00003256    0000002c     driverlib.lib : gpio.obj (.text:GPIODirModeSet)
                  00003282    00000002     --HOLE-- [fill = 0]
                  00003284    00000024                   : interrupt.obj (.text:IntPrioritySet)
                  000032a8    00000024                   : can.obj (.text:_CANDataRegWrite)
                  000032cc    00000022                   : can.obj (.text:CANIntClear)
                  000032ee    00000020                   : can.obj (.text:CANIntStatus)
                  0000330e    00000002     --HOLE-- [fill = 0]
                  00003310    00000020                   : uart.obj (.text:UARTDisable)
                  00003330    00000020     rtsv7M4_T_le_v4SPD16_eabi.lib : u_tofd_t2.asm.obj (.text)
                  00003350    0000001c                                   : copy_zero_init.c.obj (.text:decompress:ZI:__TI_zero_init_nomemset:__TI_zero_init_nomemset)
                  0000336c    0000001a                                   : s_copysign.c.obj (.text:copysign)
                  00003386    00000018     driverlib.lib : can.obj (.text:CANIntRegister)
                  0000339e    00000018                   : timer.obj (.text:TimerIntRegister)
                  000033b6    00000018                   : uart.obj (.text:UARTIntRegister)
                  000033ce    00000016                   : gpio.obj (.text:GPIOPinTypeCAN)
                  000033e4    00000016                   : gpio.obj (.text:GPIOPinTypeUART)
                  000033fa    00000014                   : uart.obj (.text:UARTEnable)
                  0000340e    00000012                   : timer.obj (.text:TimerLoadSet)
                  00003420    0000000e                   : timer.obj (.text:TimerEnable)
                  0000342e    0000000e                   : uart.obj (.text:UARTCharsAvail)
                  0000343c    0000000e     rtsv7M4_T_le_v4SPD16_eabi.lib : copy_decompress_none.c.obj (.text:decompress:none:__TI_decompress_none)
                  0000344a    0000000c     tm4c123gh6pm_startup_ccs.obj (.text)
                  00003456    0000000a     driverlib.lib : can.obj (.text:CANEnable)
                  00003460    0000000a                   : uart.obj (.text:UARTCharGet)
                  0000346a    0000000a                   : uart.obj (.text:UARTCharPut)
                  00003474    0000000a                   : uart.obj (.text:UARTIntStatus)
                  0000347e    00000008                   : can.obj (.text:CANIntEnable)
                  00003486    00000008                   : timer.obj (.text:TimerIntEnable)
                  0000348e    00000008                   : uart.obj (.text:UARTIntEnable)
                  00003496    00000002     --HOLE-- [fill = 0]
                  00003498    00000008     rtsv7M4_T_le_v4SPD16_eabi.lib : errno.c.obj (.text:__aeabi_errno_addr)
                  000034a0    00000006     driverlib.lib : sysctl.obj (.text:SysCtlDelay)
                  000034a6    00000006                   : uart.obj (.text:UARTClockSourceSet)
                  000034ac    00000006                   : uart.obj (.text:UARTFIFOLevelSet)
                  000034b2    00000004                   : timer.obj (.text:TimerIntClear)
                  000034b6    00000004                   : uart.obj (.text:UARTIntClear)
                  000034ba    00000004     rtsv7M4_T_le_v4SPD16_eabi.lib : pre_init.c.obj (.text:_system_pre_init)
                  000034be    00000004                                   : exit.c.obj (.text:abort:abort)

.const     0    000034c8    00000514     
                  000034c8    00000158     rtsv7M4_T_le_v4SPD16_eabi.lib : k_rem_pio2.c.obj (.const:$O1$$)
                  00003620    0000009c     driverlib.lib : interrupt.obj (.const:g_pui32Regs)
                  000036bc    00000090                   : gpio.obj (.const:g_pui32GPIOBaseAddrs)
                  0000374c    0000006c                   : sysctl.obj (.const:g_pui32Xtals)
                  000037b8    00000060                   : timer.obj (.const:g_ppui32TimerIntMap)
                  00003818    00000040                   : timer.obj (.const:g_ppui32TimerIntMapSnowflake)
                  00003858    00000040                   : uart.obj (.const:g_ppui32UARTIntMap)
                  00003898    00000040                   : uart.obj (.const:g_ppui32UARTIntMapSnowflake)
                  000038d8    00000020                   : can.obj (.const:g_ui16CANBitValues)
                  000038f8    00000014                   : interrupt.obj (.const:g_pui32EnRegs)
                  0000390c    00000012     main.obj (.const:.string)
                  0000391e    00000002     --HOLE-- [fill = 0]
                  00003920    0000000c     main.obj (.const:g_ui32UARTBase)
                  0000392c    0000000c     main.obj (.const:g_ui32UARTPeriph)
                  00003938    00000008     s550_cluster.obj (.const:.string:$P$T0$1)
                  00003940    00000008     s550_cluster.obj (.const:.string:$P$T1$2)
                  00003948    00000008     s550_cluster.obj (.const:.string:$P$T10$11)
                  00003950    00000008     s550_cluster.obj (.const:.string:$P$T11$12)
                  00003958    00000008     s550_cluster.obj (.const:.string:$P$T12$13)
                  00003960    00000008     s550_cluster.obj (.const:.string:$P$T13$14)
                  00003968    00000008     s550_cluster.obj (.const:.string:$P$T14$15)
                  00003970    00000008     s550_cluster.obj (.const:.string:$P$T15$16)
                  00003978    00000008     s550_cluster.obj (.const:.string:$P$T16$17)
                  00003980    00000008     s550_cluster.obj (.const:.string:$P$T17$18)
                  00003988    00000008     s550_cluster.obj (.const:.string:$P$T18$19)
                  00003990    00000008     s550_cluster.obj (.const:.string:$P$T19$20)
                  00003998    00000008     s550_cluster.obj (.const:.string:$P$T2$3)
                  000039a0    00000008     s550_cluster.obj (.const:.string:$P$T3$4)
                  000039a8    00000008     s550_cluster.obj (.const:.string:$P$T4$5)
                  000039b0    00000008     s550_cluster.obj (.const:.string:$P$T5$6)
                  000039b8    00000008     s550_cluster.obj (.const:.string:$P$T6$7)
                  000039c0    00000008     s550_cluster.obj (.const:.string:$P$T7$8)
                  000039c8    00000008     s550_cluster.obj (.const:.string:$P$T8$9)
                  000039d0    00000008     s550_cluster.obj (.const:.string:$P$T9$10)
                  000039d8    00000004     main.obj (.const)

.cinit     0    000039e0    00000050     
                  000039e0    00000018     (.cinit..data.load) [load image, compression = lzss]
                  000039f8    0000000c     (__TI_handler_table)
                  00003a04    00000004     --HOLE-- [fill = 0]
                  00003a08    00000008     (.cinit..bss.load) [load image, compression = zero_init]
                  00003a10    00000008     (.cinit..vtable.load) [load image, compression = zero_init]
                  00003a18    00000018     (__TI_cinit_table)

.init_array 
*          0    00000000    00000000     UNINITIALIZED

.vtable    0    20000000    0000026c     UNINITIALIZED
                  20000000    0000026c     driverlib.lib : interrupt.obj (.vtable)

.bss       0    20000470    00000030     UNINITIALIZED
                  20000470    00000014     (.common:rxMsg)
                  20000484    00000014     (.common:txMsg)
                  20000498    00000008     (.common:rxData)

.data      0    200004a0    00000028     UNINITIALIZED
                  200004a0    0000000d     main.obj (.data)
                  200004ad    00000003     --HOLE--
                  200004b0    0000000c     s550_timer.obj (.data)
                  200004bc    00000008     s550_uart.obj (.data)
                  200004c4    00000004     rtsv7M4_T_le_v4SPD16_eabi.lib : errno.c.obj (.data)

.stack     0    20000270    00000200     UNINITIALIZED
                  20000270    00000004     rtsv7M4_T_le_v4SPD16_eabi.lib : boot_cortex_m.c.obj (.stack)
                  20000274    000001fc     --HOLE--

__llvm_prf_cnts 
*          0    20000000    00000000     UNINITIALIZED

MODULE SUMMARY

       Module                         code    ro data   rw data
       ------                         ----    -------   -------
    ./
       main.obj                       1976    46        21     
       s550_cluster.obj               860     160       40     
       tm4c123gh6pm_startup_ccs.obj   12      620       0      
       s550_uart.obj                  504     0         8      
       s550_timer.obj                 276     0         12     
    +--+------------------------------+-------+---------+---------+
       Total:                         3628    826       81     
                                                               
    /Applications/ti/TivaWare-2.2.0.295/driverlib/ccs/Debug/driverlib.lib
       interrupt.obj                  192     176       620    
       can.obj                        770     32        0      
       sysctl.obj                     638     108       0      
       gpio.obj                       528     144       0      
       uart.obj                       278     128       0      
       timer.obj                      240     160       0      
    +--+------------------------------+-------+---------+---------+
       Total:                         2646    748       620    
                                                               
    /Applications/ti/ccs1281/ccs/tools/compiler/ti-cgt-arm_20.2.7.LTS/lib/rtsv7M4_T_le_v4SPD16_eabi.lib
       k_rem_pio2.c.obj               1848    344       0      
       s_cos.c.obj                    1500    0         0      
       fd_add_t2.asm.obj              438     0         0      
       k_sin.c.obj                    372     0         0      
       k_cos.c.obj                    368     0         0      
       s_scalbn.c.obj                 272     0         0      
       fd_cmp_t2.asm.obj              268     0         0      
       fd_mul_t2.asm.obj              252     0         0      
       s_floor.c.obj                  248     0         0      
       memcpy_t2.asm.obj              156     0         0      
       memset_t2.asm.obj              122     0         0      
       fd_tos_t2.asm.obj              110     0         0      
       copy_decompress_lzss.c.obj     104     0         0      
       fd_toi_t2.asm.obj              72      0         0      
       autoinit.c.obj                 68      0         0      
       fd_tou_t2.asm.obj              68      0         0      
       u_divt2.asm.obj                64      0         0      
       fs_tod_t2.asm.obj              56      0         0      
       boot_cortex_m.c.obj            52      0         0      
       i_tofd_t2.asm.obj              46      0         0      
       u_tofd_t2.asm.obj              32      0         0      
       copy_zero_init.c.obj           28      0         0      
       s_copysign.c.obj               26      0         0      
       copy_decompress_none.c.obj     14      0         0      
       errno.c.obj                    8       0         4      
       exit.c.obj                     4       0         0      
       pre_init.c.obj                 4       0         0      
       div0.asm.obj                   2       0         0      
    +--+------------------------------+-------+---------+---------+
       Total:                         6602    344       4      
                                                               
       Stack:                         0       0         512    
       Linker Generated:              0       76        0      
    +--+------------------------------+-------+---------+---------+
       Grand Total:                   12876   1994      1217   


LINKER GENERATED COPY TABLES

__TI_cinit_table @ 00003a18 records: 3, size/record: 8, table size: 24
	.data: load addr=000039e0, load size=00000018 bytes, run addr=200004a0, run size=00000028 bytes, compression=lzss
	.bss: load addr=00003a08, load size=00000008 bytes, run addr=20000470, run size=00000030 bytes, compression=zero_init
	.vtable: load addr=00003a10, load size=00000008 bytes, run addr=20000000, run size=0000026c bytes, compression=zero_init


LINKER GENERATED HANDLER TABLE

__TI_handler_table @ 000039f8 records: 3, size/record: 4, table size: 12
	index: 0, handler: __TI_zero_init
	index: 1, handler: __TI_decompress_lzss
	index: 2, handler: __TI_decompress_none


GLOBAL SYMBOLS: SORTED ALPHABETICALLY BY Name 

address   name                          
-------   ----                          
000034bf  C$$EXIT                       
00002c79  CANBitRateSet                 
00003457  CANEnable                     
000030e1  CANInit                       
000032cd  CANIntClear                   
0000347f  CANIntEnable                  
0000073f  CANIntHandler                 
00003387  CANIntRegister                
000032ef  CANIntStatus                  
00002295  CANMessageSet                 
00003021  CANStatusGet                  
00003257  GPIODirModeSet                
00002129  GPIOPadConfigSet              
00002e71  GPIOPinConfigure              
000033cf  GPIOPinTypeCAN                
000033e5  GPIOPinTypeUART               
00002ce5  IntEnable                     
00003285  IntPrioritySet                
0000318d  IntRegister                   
200004c0  RPM                           
0000344b  ResetISR                      
000023c5  SysCtlClockGet                
000028f5  SysCtlClockSet                
000034a1  SysCtlDelay                   
000031c1  SysCtlPeripheralEnable        
0000311d  SysCtlPeripheralPresent       
000024dd  TIMER0Handler                 
00002db5  TimerConfigure                
00003421  TimerEnable                   
000034b3  TimerIntClear                 
00003487  TimerIntEnable                
0000339f  TimerIntRegister              
0000340f  TimerLoadSet                  
00001bcb  UART0Handler                  
00003461  UARTCharGet                   
0000346b  UARTCharPut                   
0000342f  UARTCharsAvail                
000034a7  UARTClockSourceSet            
00002f51  UARTConfigSetExpClk           
00003311  UARTDisable                   
000033fb  UARTEnable                    
000034ad  UARTFIFOLevelSet              
000034b7  UARTIntClear                  
0000348f  UARTIntEnable                 
000033b7  UARTIntRegister               
00003475  UARTIntStatus                 
0000026d  UARTStdioConfig               
000003bd  UARTgetc                      
00000303  UARTgets                      
000006df  UARTprintf                    
000003e5  UARTvprintf                   
000002b3  UARTwrite                     
20000470  __STACK_END                   
00000200  __STACK_SIZE                  
20000470  __STACK_TOP                   
00003a18  __TI_CINIT_Base               
00003a30  __TI_CINIT_Limit              
000039f8  __TI_Handler_Table_Base       
00003a04  __TI_Handler_Table_Limit      
00002f99  __TI_auto_init_nobinit_nopinit
00002d4d  __TI_decompress_lzss          
0000343d  __TI_decompress_none          
ffffffff  __TI_pprof_out_hndl           
ffffffff  __TI_prof_data_size           
ffffffff  __TI_prof_data_start          
00000000  __TI_static_base__            
00003351  __TI_zero_init_nomemset       
00002a85  __aeabi_cdcmpeq               
00002a85  __aeabi_cdcmple               
00002b0b  __aeabi_cdrcmple              
00002c0b  __aeabi_d2f                   
00002f09  __aeabi_d2iz                  
00002fdd  __aeabi_d2uiz                 
00001c97  __aeabi_dadd                  
00002701  __aeabi_dmul                  
00001c8d  __aeabi_dsub                  
00003499  __aeabi_errno_addr            
00003155  __aeabi_f2d                   
00003229  __aeabi_i2d                   
00001e43  __aeabi_idiv0                 
00001e43  __aeabi_ldiv0                 
00002b91  __aeabi_memclr                
00002b91  __aeabi_memclr4               
00002b91  __aeabi_memclr8               
000029e9  __aeabi_memcpy                
000029e9  __aeabi_memcpy4               
000029e9  __aeabi_memcpy8               
00002b93  __aeabi_memset                
00002b93  __aeabi_memset4               
00002b93  __aeabi_memset8               
00003331  __aeabi_ui2d                  
000030a1  __aeabi_uidiv                 
000030a1  __aeabi_uidivmod              
ffffffff  __binit__                     
ffffffff  __c_args__                    
00001fb9  __kernel_cos                  
00000a25  __kernel_rem_pio2             
00001e45  __kernel_sin                  
UNDEFED   __mpu_init                    
20000270  __stack                       
20000000  __start___llvm_prf_cnts       
20000000  __stop___llvm_prf_cnts        
000031f5  _c_int00_noargs               
UNDEFED   _system_post_cinit            
000034bb  _system_pre_init              
000034bf  abort                         
ffffffff  binit                         
0000336d  copysign                      
0000336d  copysignl                     
0000115d  cos                           
0000115d  cosl                          
200004b8  counter                       
00001ac9  decreaseSpeed                 
00000703  delay                         
200004a5  errFlag                       
200004c4  errno                         
000027fd  floor                         
000027fd  floorl                        
20000000  g_pfnRAMVectors               
00000000  g_pfnVectors                  
00001b4b  idleSpeed                     
00001a95  increaseSpeed                 
00001c03  interpret_key                 
200004a6  key_input                     
0000187b  launch_controls               
000025f1  ldexp                         
000025f1  ldexpl                        
000007a5  main                          
000029e9  memcpy                        
00002b99  memset                        
00001905  navigation                    
20000498  rxData                        
200004a4  rxFlag                        
20000470  rxMsg                         
000025f1  scalbn                        
000025f1  scalbnl                       
00001739  sendMsg                       
0000198f  setSpeedRPM                   
200004bc  speed                         
200004b4  speedType                     
00001795  startup                       
200004a8  sysClock                      
200004b0  timer0Flag                    
20000484  txMsg                         
000017af  warnings                      


GLOBAL SYMBOLS: SORTED BY Symbol Address 

address   name                          
-------   ----                          
00000000  __TI_static_base__            
00000000  g_pfnVectors                  
00000200  __STACK_SIZE                  
0000026d  UARTStdioConfig               
000002b3  UARTwrite                     
00000303  UARTgets                      
000003bd  UARTgetc                      
000003e5  UARTvprintf                   
000006df  UARTprintf                    
00000703  delay                         
0000073f  CANIntHandler                 
000007a5  main                          
00000a25  __kernel_rem_pio2             
0000115d  cos                           
0000115d  cosl                          
00001739  sendMsg                       
00001795  startup                       
000017af  warnings                      
0000187b  launch_controls               
00001905  navigation                    
0000198f  setSpeedRPM                   
00001a95  increaseSpeed                 
00001ac9  decreaseSpeed                 
00001b4b  idleSpeed                     
00001bcb  UART0Handler                  
00001c03  interpret_key                 
00001c8d  __aeabi_dsub                  
00001c97  __aeabi_dadd                  
00001e43  __aeabi_idiv0                 
00001e43  __aeabi_ldiv0                 
00001e45  __kernel_sin                  
00001fb9  __kernel_cos                  
00002129  GPIOPadConfigSet              
00002295  CANMessageSet                 
000023c5  SysCtlClockGet                
000024dd  TIMER0Handler                 
000025f1  ldexp                         
000025f1  ldexpl                        
000025f1  scalbn                        
000025f1  scalbnl                       
00002701  __aeabi_dmul                  
000027fd  floor                         
000027fd  floorl                        
000028f5  SysCtlClockSet                
000029e9  __aeabi_memcpy                
000029e9  __aeabi_memcpy4               
000029e9  __aeabi_memcpy8               
000029e9  memcpy                        
00002a85  __aeabi_cdcmpeq               
00002a85  __aeabi_cdcmple               
00002b0b  __aeabi_cdrcmple              
00002b91  __aeabi_memclr                
00002b91  __aeabi_memclr4               
00002b91  __aeabi_memclr8               
00002b93  __aeabi_memset                
00002b93  __aeabi_memset4               
00002b93  __aeabi_memset8               
00002b99  memset                        
00002c0b  __aeabi_d2f                   
00002c79  CANBitRateSet                 
00002ce5  IntEnable                     
00002d4d  __TI_decompress_lzss          
00002db5  TimerConfigure                
00002e71  GPIOPinConfigure              
00002f09  __aeabi_d2iz                  
00002f51  UARTConfigSetExpClk           
00002f99  __TI_auto_init_nobinit_nopinit
00002fdd  __aeabi_d2uiz                 
00003021  CANStatusGet                  
000030a1  __aeabi_uidiv                 
000030a1  __aeabi_uidivmod              
000030e1  CANInit                       
0000311d  SysCtlPeripheralPresent       
00003155  __aeabi_f2d                   
0000318d  IntRegister                   
000031c1  SysCtlPeripheralEnable        
000031f5  _c_int00_noargs               
00003229  __aeabi_i2d                   
00003257  GPIODirModeSet                
00003285  IntPrioritySet                
000032cd  CANIntClear                   
000032ef  CANIntStatus                  
00003311  UARTDisable                   
00003331  __aeabi_ui2d                  
00003351  __TI_zero_init_nomemset       
0000336d  copysign                      
0000336d  copysignl                     
00003387  CANIntRegister                
0000339f  TimerIntRegister              
000033b7  UARTIntRegister               
000033cf  GPIOPinTypeCAN                
000033e5  GPIOPinTypeUART               
000033fb  UARTEnable                    
0000340f  TimerLoadSet                  
00003421  TimerEnable                   
0000342f  UARTCharsAvail                
0000343d  __TI_decompress_none          
0000344b  ResetISR                      
00003457  CANEnable                     
00003461  UARTCharGet                   
0000346b  UARTCharPut                   
00003475  UARTIntStatus                 
0000347f  CANIntEnable                  
00003487  TimerIntEnable                
0000348f  UARTIntEnable                 
00003499  __aeabi_errno_addr            
000034a1  SysCtlDelay                   
000034a7  UARTClockSourceSet            
000034ad  UARTFIFOLevelSet              
000034b3  TimerIntClear                 
000034b7  UARTIntClear                  
000034bb  _system_pre_init              
000034bf  C$$EXIT                       
000034bf  abort                         
000039f8  __TI_Handler_Table_Base       
00003a04  __TI_Handler_Table_Limit      
00003a18  __TI_CINIT_Base               
00003a30  __TI_CINIT_Limit              
20000000  __start___llvm_prf_cnts       
20000000  __stop___llvm_prf_cnts        
20000000  g_pfnRAMVectors               
20000270  __stack                       
20000470  __STACK_END                   
20000470  __STACK_TOP                   
20000470  rxMsg                         
20000484  txMsg                         
20000498  rxData                        
200004a4  rxFlag                        
200004a5  errFlag                       
200004a6  key_input                     
200004a8  sysClock                      
200004b0  timer0Flag                    
200004b4  speedType                     
200004b8  counter                       
200004bc  speed                         
200004c0  RPM                           
200004c4  errno                         
ffffffff  __TI_pprof_out_hndl           
ffffffff  __TI_prof_data_size           
ffffffff  __TI_prof_data_start          
ffffffff  __binit__                     
ffffffff  __c_args__                    
ffffffff  binit                         
UNDEFED   __mpu_init                    
UNDEFED   _system_post_cinit            

[145 symbols]
