<?xml version="1.0" encoding="ISO-8859-1" ?>
<link_info>
   <banner>TI ARM Linker Unix v20.2.7.LTS</banner>
   <copyright>Copyright (c) 1996-2018 Texas Instruments Incorporated</copyright>
   <link_time>0x692943bb</link_time>
   <link_errors>0x0</link_errors>
   <output_file>S550 Cluster.out</output_file>
   <entry_point>
      <name>_c_int00_noargs</name>
      <address>0x31f5</address>
   </entry_point>
   <input_file_list>
      <input_file id="fl-1">
         <path>./</path>
         <kind>object</kind>
         <file>drive_data.obj</file>
         <name>drive_data.obj</name>
      </input_file>
      <input_file id="fl-2">
         <path>./</path>
         <kind>object</kind>
         <file>main.obj</file>
         <name>main.obj</name>
      </input_file>
      <input_file id="fl-3">
         <path>./</path>
         <kind>object</kind>
         <file>s550_cluster.obj</file>
         <name>s550_cluster.obj</name>
      </input_file>
      <input_file id="fl-4">
         <path>./</path>
         <kind>object</kind>
         <file>s550_timer.obj</file>
         <name>s550_timer.obj</name>
      </input_file>
      <input_file id="fl-5">
         <path>./</path>
         <kind>object</kind>
         <file>s550_uart.obj</file>
         <name>s550_uart.obj</name>
      </input_file>
      <input_file id="fl-6">
         <path>./</path>
         <kind>object</kind>
         <file>tm4c123gh6pm_startup_ccs.obj</file>
         <name>tm4c123gh6pm_startup_ccs.obj</name>
      </input_file>
      <input_file id="fl-b">
         <kind>object</kind>
         <file>&lt;internal&gt;</file>
         <name>&lt;internal&gt;</name>
      </input_file>
      <input_file id="fl-c">
         <path>/Applications/ti/TivaWare-2.2.0.295/driverlib/ccs/Debug/</path>
         <kind>archive</kind>
         <file>driverlib.lib</file>
         <name>can.obj</name>
      </input_file>
      <input_file id="fl-d">
         <path>/Applications/ti/TivaWare-2.2.0.295/driverlib/ccs/Debug/</path>
         <kind>archive</kind>
         <file>driverlib.lib</file>
         <name>gpio.obj</name>
      </input_file>
      <input_file id="fl-e">
         <path>/Applications/ti/TivaWare-2.2.0.295/driverlib/ccs/Debug/</path>
         <kind>archive</kind>
         <file>driverlib.lib</file>
         <name>interrupt.obj</name>
      </input_file>
      <input_file id="fl-f">
         <path>/Applications/ti/TivaWare-2.2.0.295/driverlib/ccs/Debug/</path>
         <kind>archive</kind>
         <file>driverlib.lib</file>
         <name>sysctl.obj</name>
      </input_file>
      <input_file id="fl-10">
         <path>/Applications/ti/TivaWare-2.2.0.295/driverlib/ccs/Debug/</path>
         <kind>archive</kind>
         <file>driverlib.lib</file>
         <name>timer.obj</name>
      </input_file>
      <input_file id="fl-11">
         <path>/Applications/ti/TivaWare-2.2.0.295/driverlib/ccs/Debug/</path>
         <kind>archive</kind>
         <file>driverlib.lib</file>
         <name>uart.obj</name>
      </input_file>
      <input_file id="fl-12">
         <path>/Applications/ti/TivaWare-2.2.0.295/driverlib/ccs/Debug/</path>
         <kind>archive</kind>
         <file>driverlib.lib</file>
         <name>cpu.obj</name>
      </input_file>
      <input_file id="fl-c8">
         <path>/Applications/ti/ccs1281/ccs/tools/compiler/ti-cgt-arm_20.2.7.LTS/lib/</path>
         <kind>archive</kind>
         <file>rtsv7M4_T_le_v4SPD16_eabi.lib</file>
         <name>s_cos.c.obj</name>
      </input_file>
      <input_file id="fl-c9">
         <path>/Applications/ti/ccs1281/ccs/tools/compiler/ti-cgt-arm_20.2.7.LTS/lib/</path>
         <kind>archive</kind>
         <file>rtsv7M4_T_le_v4SPD16_eabi.lib</file>
         <name>fd_add_t2.asm.obj</name>
      </input_file>
      <input_file id="fl-ca">
         <path>/Applications/ti/ccs1281/ccs/tools/compiler/ti-cgt-arm_20.2.7.LTS/lib/</path>
         <kind>archive</kind>
         <file>rtsv7M4_T_le_v4SPD16_eabi.lib</file>
         <name>fd_cmp_t2.asm.obj</name>
      </input_file>
      <input_file id="fl-cb">
         <path>/Applications/ti/ccs1281/ccs/tools/compiler/ti-cgt-arm_20.2.7.LTS/lib/</path>
         <kind>archive</kind>
         <file>rtsv7M4_T_le_v4SPD16_eabi.lib</file>
         <name>fd_mul_t2.asm.obj</name>
      </input_file>
      <input_file id="fl-cc">
         <path>/Applications/ti/ccs1281/ccs/tools/compiler/ti-cgt-arm_20.2.7.LTS/lib/</path>
         <kind>archive</kind>
         <file>rtsv7M4_T_le_v4SPD16_eabi.lib</file>
         <name>fd_toi_t2.asm.obj</name>
      </input_file>
      <input_file id="fl-cd">
         <path>/Applications/ti/ccs1281/ccs/tools/compiler/ti-cgt-arm_20.2.7.LTS/lib/</path>
         <kind>archive</kind>
         <file>rtsv7M4_T_le_v4SPD16_eabi.lib</file>
         <name>fd_tos_t2.asm.obj</name>
      </input_file>
      <input_file id="fl-ce">
         <path>/Applications/ti/ccs1281/ccs/tools/compiler/ti-cgt-arm_20.2.7.LTS/lib/</path>
         <kind>archive</kind>
         <file>rtsv7M4_T_le_v4SPD16_eabi.lib</file>
         <name>fd_tou_t2.asm.obj</name>
      </input_file>
      <input_file id="fl-cf">
         <path>/Applications/ti/ccs1281/ccs/tools/compiler/ti-cgt-arm_20.2.7.LTS/lib/</path>
         <kind>archive</kind>
         <file>rtsv7M4_T_le_v4SPD16_eabi.lib</file>
         <name>fs_tod_t2.asm.obj</name>
      </input_file>
      <input_file id="fl-d0">
         <path>/Applications/ti/ccs1281/ccs/tools/compiler/ti-cgt-arm_20.2.7.LTS/lib/</path>
         <kind>archive</kind>
         <file>rtsv7M4_T_le_v4SPD16_eabi.lib</file>
         <name>i_tofd_t2.asm.obj</name>
      </input_file>
      <input_file id="fl-d1">
         <path>/Applications/ti/ccs1281/ccs/tools/compiler/ti-cgt-arm_20.2.7.LTS/lib/</path>
         <kind>archive</kind>
         <file>rtsv7M4_T_le_v4SPD16_eabi.lib</file>
         <name>u_tofd_t2.asm.obj</name>
      </input_file>
      <input_file id="fl-d2">
         <path>/Applications/ti/ccs1281/ccs/tools/compiler/ti-cgt-arm_20.2.7.LTS/lib/</path>
         <kind>archive</kind>
         <file>rtsv7M4_T_le_v4SPD16_eabi.lib</file>
         <name>memset_t2.asm.obj</name>
      </input_file>
      <input_file id="fl-d3">
         <path>/Applications/ti/ccs1281/ccs/tools/compiler/ti-cgt-arm_20.2.7.LTS/lib/</path>
         <kind>archive</kind>
         <file>rtsv7M4_T_le_v4SPD16_eabi.lib</file>
         <name>u_divt2.asm.obj</name>
      </input_file>
      <input_file id="fl-d4">
         <path>/Applications/ti/ccs1281/ccs/tools/compiler/ti-cgt-arm_20.2.7.LTS/lib/</path>
         <kind>archive</kind>
         <file>rtsv7M4_T_le_v4SPD16_eabi.lib</file>
         <name>copy_zero_init.c.obj</name>
      </input_file>
      <input_file id="fl-d5">
         <path>/Applications/ti/ccs1281/ccs/tools/compiler/ti-cgt-arm_20.2.7.LTS/lib/</path>
         <kind>archive</kind>
         <file>rtsv7M4_T_le_v4SPD16_eabi.lib</file>
         <name>copy_decompress_none.c.obj</name>
      </input_file>
      <input_file id="fl-d6">
         <path>/Applications/ti/ccs1281/ccs/tools/compiler/ti-cgt-arm_20.2.7.LTS/lib/</path>
         <kind>archive</kind>
         <file>rtsv7M4_T_le_v4SPD16_eabi.lib</file>
         <name>copy_decompress_lzss.c.obj</name>
      </input_file>
      <input_file id="fl-d7">
         <path>/Applications/ti/ccs1281/ccs/tools/compiler/ti-cgt-arm_20.2.7.LTS/lib/</path>
         <kind>archive</kind>
         <file>rtsv7M4_T_le_v4SPD16_eabi.lib</file>
         <name>k_rem_pio2.c.obj</name>
      </input_file>
      <input_file id="fl-d8">
         <path>/Applications/ti/ccs1281/ccs/tools/compiler/ti-cgt-arm_20.2.7.LTS/lib/</path>
         <kind>archive</kind>
         <file>rtsv7M4_T_le_v4SPD16_eabi.lib</file>
         <name>boot_cortex_m.c.obj</name>
      </input_file>
      <input_file id="fl-d9">
         <path>/Applications/ti/ccs1281/ccs/tools/compiler/ti-cgt-arm_20.2.7.LTS/lib/</path>
         <kind>archive</kind>
         <file>rtsv7M4_T_le_v4SPD16_eabi.lib</file>
         <name>k_cos.c.obj</name>
      </input_file>
      <input_file id="fl-da">
         <path>/Applications/ti/ccs1281/ccs/tools/compiler/ti-cgt-arm_20.2.7.LTS/lib/</path>
         <kind>archive</kind>
         <file>rtsv7M4_T_le_v4SPD16_eabi.lib</file>
         <name>k_sin.c.obj</name>
      </input_file>
      <input_file id="fl-db">
         <path>/Applications/ti/ccs1281/ccs/tools/compiler/ti-cgt-arm_20.2.7.LTS/lib/</path>
         <kind>archive</kind>
         <file>rtsv7M4_T_le_v4SPD16_eabi.lib</file>
         <name>s_floor.c.obj</name>
      </input_file>
      <input_file id="fl-dc">
         <path>/Applications/ti/ccs1281/ccs/tools/compiler/ti-cgt-arm_20.2.7.LTS/lib/</path>
         <kind>archive</kind>
         <file>rtsv7M4_T_le_v4SPD16_eabi.lib</file>
         <name>s_scalbn.c.obj</name>
      </input_file>
      <input_file id="fl-dd">
         <path>/Applications/ti/ccs1281/ccs/tools/compiler/ti-cgt-arm_20.2.7.LTS/lib/</path>
         <kind>archive</kind>
         <file>rtsv7M4_T_le_v4SPD16_eabi.lib</file>
         <name>div0.asm.obj</name>
      </input_file>
      <input_file id="fl-de">
         <path>/Applications/ti/ccs1281/ccs/tools/compiler/ti-cgt-arm_20.2.7.LTS/lib/</path>
         <kind>archive</kind>
         <file>rtsv7M4_T_le_v4SPD16_eabi.lib</file>
         <name>memcpy_t2.asm.obj</name>
      </input_file>
      <input_file id="fl-df">
         <path>/Applications/ti/ccs1281/ccs/tools/compiler/ti-cgt-arm_20.2.7.LTS/lib/</path>
         <kind>archive</kind>
         <file>rtsv7M4_T_le_v4SPD16_eabi.lib</file>
         <name>autoinit.c.obj</name>
      </input_file>
      <input_file id="fl-e0">
         <path>/Applications/ti/ccs1281/ccs/tools/compiler/ti-cgt-arm_20.2.7.LTS/lib/</path>
         <kind>archive</kind>
         <file>rtsv7M4_T_le_v4SPD16_eabi.lib</file>
         <name>pre_init.c.obj</name>
      </input_file>
      <input_file id="fl-e1">
         <path>/Applications/ti/ccs1281/ccs/tools/compiler/ti-cgt-arm_20.2.7.LTS/lib/</path>
         <kind>archive</kind>
         <file>rtsv7M4_T_le_v4SPD16_eabi.lib</file>
         <name>cpy_tbl.c.obj</name>
      </input_file>
      <input_file id="fl-e2">
         <path>/Applications/ti/ccs1281/ccs/tools/compiler/ti-cgt-arm_20.2.7.LTS/lib/</path>
         <kind>archive</kind>
         <file>rtsv7M4_T_le_v4SPD16_eabi.lib</file>
         <name>exit.c.obj</name>
      </input_file>
      <input_file id="fl-e3">
         <path>/Applications/ti/ccs1281/ccs/tools/compiler/ti-cgt-arm_20.2.7.LTS/lib/</path>
         <kind>archive</kind>
         <file>rtsv7M4_T_le_v4SPD16_eabi.lib</file>
         <name>_lock.c.obj</name>
      </input_file>
      <input_file id="fl-e4">
         <path>/Applications/ti/ccs1281/ccs/tools/compiler/ti-cgt-arm_20.2.7.LTS/lib/</path>
         <kind>archive</kind>
         <file>rtsv7M4_T_le_v4SPD16_eabi.lib</file>
         <name>args_main.c.obj</name>
      </input_file>
      <input_file id="fl-e5">
         <path>/Applications/ti/ccs1281/ccs/tools/compiler/ti-cgt-arm_20.2.7.LTS/lib/</path>
         <kind>archive</kind>
         <file>rtsv7M4_T_le_v4SPD16_eabi.lib</file>
         <name>errno.c.obj</name>
      </input_file>
      <input_file id="fl-e6">
         <path>/Applications/ti/ccs1281/ccs/tools/compiler/ti-cgt-arm_20.2.7.LTS/lib/</path>
         <kind>archive</kind>
         <file>rtsv7M4_T_le_v4SPD16_eabi.lib</file>
         <name>s_copysign.c.obj</name>
      </input_file>
   </input_file_list>
   <object_component_list>
      <object_component id="oc-12">
         <name>.intvecs</name>
         <load_address>0x0</load_address>
         <run_address>0x0</run_address>
         <size>0x26c</size>
         <input_file_ref idref="fl-6"/>
      </object_component>
      <object_component id="oc-de">
         <name>.text</name>
         <load_address>0x26c</load_address>
         <run_address>0x26c</run_address>
         <size>0x7b8</size>
         <input_file_ref idref="fl-2"/>
      </object_component>
      <object_component id="oc-3b4">
         <name>.text:__kernel_rem_pio2</name>
         <load_address>0xa24</load_address>
         <run_address>0xa24</run_address>
         <size>0x738</size>
         <input_file_ref idref="fl-d7"/>
      </object_component>
      <object_component id="oc-344">
         <name>.text:cos</name>
         <load_address>0x115c</load_address>
         <run_address>0x115c</run_address>
         <size>0x5dc</size>
         <input_file_ref idref="fl-c8"/>
      </object_component>
      <object_component id="oc-a0">
         <name>.text</name>
         <load_address>0x1738</load_address>
         <run_address>0x1738</run_address>
         <size>0x35c</size>
         <input_file_ref idref="fl-3"/>
      </object_component>
      <object_component id="oc-2d">
         <name>.text</name>
         <load_address>0x1a94</load_address>
         <run_address>0x1a94</run_address>
         <size>0x1f8</size>
         <input_file_ref idref="fl-5"/>
      </object_component>
      <object_component id="oc-79">
         <name>.text</name>
         <load_address>0x1c8c</load_address>
         <run_address>0x1c8c</run_address>
         <size>0x1b6</size>
         <input_file_ref idref="fl-c9"/>
      </object_component>
      <object_component id="oc-2da">
         <name>.text</name>
         <load_address>0x1e42</load_address>
         <run_address>0x1e42</run_address>
         <size>0x2</size>
         <input_file_ref idref="fl-dd"/>
      </object_component>
      <object_component id="oc-3ba">
         <name>.text:__kernel_sin</name>
         <load_address>0x1e44</load_address>
         <run_address>0x1e44</run_address>
         <size>0x174</size>
         <input_file_ref idref="fl-da"/>
      </object_component>
      <object_component id="oc-3a9">
         <name>.text:__kernel_cos</name>
         <load_address>0x1fb8</load_address>
         <run_address>0x1fb8</run_address>
         <size>0x170</size>
         <input_file_ref idref="fl-d9"/>
      </object_component>
      <object_component id="oc-2f6">
         <name>.text:GPIOPadConfigSet</name>
         <load_address>0x2128</load_address>
         <run_address>0x2128</run_address>
         <size>0x16c</size>
         <input_file_ref idref="fl-d"/>
      </object_component>
      <object_component id="oc-fb">
         <name>.text:CANMessageSet</name>
         <load_address>0x2294</load_address>
         <run_address>0x2294</run_address>
         <size>0x130</size>
         <input_file_ref idref="fl-c"/>
      </object_component>
      <object_component id="oc-1a9">
         <name>.text:SysCtlClockGet</name>
         <load_address>0x23c4</load_address>
         <run_address>0x23c4</run_address>
         <size>0x118</size>
         <input_file_ref idref="fl-f"/>
      </object_component>
      <object_component id="oc-230">
         <name>.text</name>
         <load_address>0x24dc</load_address>
         <run_address>0x24dc</run_address>
         <size>0x114</size>
         <input_file_ref idref="fl-4"/>
      </object_component>
      <object_component id="oc-3f6">
         <name>.text:scalbn</name>
         <load_address>0x25f0</load_address>
         <run_address>0x25f0</run_address>
         <size>0x110</size>
         <input_file_ref idref="fl-dc"/>
      </object_component>
      <object_component id="oc-20e">
         <name>.text</name>
         <load_address>0x2700</load_address>
         <run_address>0x2700</run_address>
         <size>0xfc</size>
         <input_file_ref idref="fl-cb"/>
      </object_component>
      <object_component id="oc-3fc">
         <name>.text:floor</name>
         <load_address>0x27fc</load_address>
         <run_address>0x27fc</run_address>
         <size>0xf8</size>
         <input_file_ref idref="fl-db"/>
      </object_component>
      <object_component id="oc-1a3">
         <name>.text:SysCtlClockSet</name>
         <load_address>0x28f4</load_address>
         <run_address>0x28f4</run_address>
         <size>0xf4</size>
         <input_file_ref idref="fl-f"/>
      </object_component>
      <object_component id="oc-41">
         <name>.text</name>
         <load_address>0x29e8</load_address>
         <run_address>0x29e8</run_address>
         <size>0x9c</size>
         <input_file_ref idref="fl-de"/>
      </object_component>
      <object_component id="oc-3af">
         <name>.text:__aeabi_cdcmple</name>
         <load_address>0x2a84</load_address>
         <run_address>0x2a84</run_address>
         <size>0x86</size>
         <input_file_ref idref="fl-ca"/>
      </object_component>
      <object_component id="oc-402">
         <name>.text:__aeabi_cdrcmple</name>
         <load_address>0x2b0a</load_address>
         <run_address>0x2b0a</run_address>
         <size>0x86</size>
         <input_file_ref idref="fl-ca"/>
      </object_component>
      <object_component id="oc-9b">
         <name>.text</name>
         <load_address>0x2b90</load_address>
         <run_address>0x2b90</run_address>
         <size>0x7a</size>
         <input_file_ref idref="fl-d2"/>
      </object_component>
      <object_component id="oc-7e">
         <name>.text</name>
         <load_address>0x2c0a</load_address>
         <run_address>0x2c0a</run_address>
         <size>0x6e</size>
         <input_file_ref idref="fl-cd"/>
      </object_component>
      <object_component id="oc-1eb">
         <name>.text:CANBitRateSet</name>
         <load_address>0x2c78</load_address>
         <run_address>0x2c78</run_address>
         <size>0x6c</size>
         <input_file_ref idref="fl-c"/>
      </object_component>
      <object_component id="oc-1d3">
         <name>.text:IntEnable</name>
         <load_address>0x2ce4</load_address>
         <run_address>0x2ce4</run_address>
         <size>0x68</size>
         <input_file_ref idref="fl-e"/>
      </object_component>
      <object_component id="oc-15">
         <name>.text:decompress:lzss:__TI_decompress_lzss</name>
         <load_address>0x2d4c</load_address>
         <run_address>0x2d4c</run_address>
         <size>0x68</size>
         <input_file_ref idref="fl-d6"/>
      </object_component>
      <object_component id="oc-203">
         <name>.text:TimerConfigure</name>
         <load_address>0x2db4</load_address>
         <run_address>0x2db4</run_address>
         <size>0x60</size>
         <input_file_ref idref="fl-10"/>
      </object_component>
      <object_component id="oc-31c">
         <name>.text:_CANIntNumberGet</name>
         <load_address>0x2e14</load_address>
         <run_address>0x2e14</run_address>
         <size>0x5c</size>
         <input_file_ref idref="fl-c"/>
      </object_component>
      <object_component id="oc-1af">
         <name>.text:GPIOPinConfigure</name>
         <load_address>0x2e70</load_address>
         <run_address>0x2e70</run_address>
         <size>0x4c</size>
         <input_file_ref idref="fl-d"/>
      </object_component>
      <object_component id="oc-330">
         <name>.text:_TimerIntNumberGet</name>
         <load_address>0x2ebc</load_address>
         <run_address>0x2ebc</run_address>
         <size>0x4c</size>
         <input_file_ref idref="fl-10"/>
      </object_component>
      <object_component id="oc-3a4">
         <name>.text</name>
         <load_address>0x2f08</load_address>
         <run_address>0x2f08</run_address>
         <size>0x48</size>
         <input_file_ref idref="fl-cc"/>
      </object_component>
      <object_component id="oc-170">
         <name>.text:UARTConfigSetExpClk</name>
         <load_address>0x2f50</load_address>
         <run_address>0x2f50</run_address>
         <size>0x46</size>
         <input_file_ref idref="fl-11"/>
      </object_component>
      <object_component id="oc-247">
         <name>.text:__TI_auto_init_nobinit_nopinit:__TI_auto_init_nobinit_nopinit</name>
         <load_address>0x2f98</load_address>
         <run_address>0x2f98</run_address>
         <size>0x44</size>
         <input_file_ref idref="fl-df"/>
      </object_component>
      <object_component id="oc-213">
         <name>.text</name>
         <load_address>0x2fdc</load_address>
         <run_address>0x2fdc</run_address>
         <size>0x44</size>
         <input_file_ref idref="fl-ce"/>
      </object_component>
      <object_component id="oc-194">
         <name>.text:CANStatusGet</name>
         <load_address>0x3020</load_address>
         <run_address>0x3020</run_address>
         <size>0x40</size>
         <input_file_ref idref="fl-c"/>
      </object_component>
      <object_component id="oc-2ff">
         <name>.text:_UARTIntNumberGet</name>
         <load_address>0x3060</load_address>
         <run_address>0x3060</run_address>
         <size>0x40</size>
         <input_file_ref idref="fl-11"/>
      </object_component>
      <object_component id="oc-188">
         <name>.text</name>
         <load_address>0x30a0</load_address>
         <run_address>0x30a0</run_address>
         <size>0x40</size>
         <input_file_ref idref="fl-d3"/>
      </object_component>
      <object_component id="oc-1e5">
         <name>.text:CANInit</name>
         <load_address>0x30e0</load_address>
         <run_address>0x30e0</run_address>
         <size>0x3a</size>
         <input_file_ref idref="fl-c"/>
      </object_component>
      <object_component id="oc-164">
         <name>.text:SysCtlPeripheralPresent</name>
         <load_address>0x311c</load_address>
         <run_address>0x311c</run_address>
         <size>0x38</size>
         <input_file_ref idref="fl-f"/>
      </object_component>
      <object_component id="oc-74">
         <name>.text</name>
         <load_address>0x3154</load_address>
         <run_address>0x3154</run_address>
         <size>0x38</size>
         <input_file_ref idref="fl-cf"/>
      </object_component>
      <object_component id="oc-305">
         <name>.text:IntRegister</name>
         <load_address>0x318c</load_address>
         <run_address>0x318c</run_address>
         <size>0x34</size>
         <input_file_ref idref="fl-e"/>
      </object_component>
      <object_component id="oc-16a">
         <name>.text:SysCtlPeripheralEnable</name>
         <load_address>0x31c0</load_address>
         <run_address>0x31c0</run_address>
         <size>0x34</size>
         <input_file_ref idref="fl-f"/>
      </object_component>
      <object_component id="oc-5f">
         <name>.text:_c_int00_noargs:_c_int00_noargs</name>
         <load_address>0x31f4</load_address>
         <run_address>0x31f4</run_address>
         <size>0x34</size>
         <input_file_ref idref="fl-d8"/>
      </object_component>
      <object_component id="oc-33f">
         <name>.text</name>
         <load_address>0x3228</load_address>
         <run_address>0x3228</run_address>
         <size>0x2e</size>
         <input_file_ref idref="fl-d0"/>
      </object_component>
      <object_component id="oc-2f0">
         <name>.text:GPIODirModeSet</name>
         <load_address>0x3256</load_address>
         <run_address>0x3256</run_address>
         <size>0x2c</size>
         <input_file_ref idref="fl-d"/>
      </object_component>
      <object_component id="oc-1cd">
         <name>.text:IntPrioritySet</name>
         <load_address>0x3284</load_address>
         <run_address>0x3284</run_address>
         <size>0x24</size>
         <input_file_ref idref="fl-e"/>
      </object_component>
      <object_component id="oc-285">
         <name>.text:_CANDataRegWrite</name>
         <load_address>0x32a8</load_address>
         <run_address>0x32a8</run_address>
         <size>0x24</size>
         <input_file_ref idref="fl-c"/>
      </object_component>
      <object_component id="oc-19a">
         <name>.text:CANIntClear</name>
         <load_address>0x32cc</load_address>
         <run_address>0x32cc</run_address>
         <size>0x22</size>
         <input_file_ref idref="fl-c"/>
      </object_component>
      <object_component id="oc-18e">
         <name>.text:CANIntStatus</name>
         <load_address>0x32ee</load_address>
         <run_address>0x32ee</run_address>
         <size>0x20</size>
         <input_file_ref idref="fl-c"/>
      </object_component>
      <object_component id="oc-2cd">
         <name>.text:UARTDisable</name>
         <load_address>0x3310</load_address>
         <run_address>0x3310</run_address>
         <size>0x20</size>
         <input_file_ref idref="fl-11"/>
      </object_component>
      <object_component id="oc-209">
         <name>.text</name>
         <load_address>0x3330</load_address>
         <run_address>0x3330</run_address>
         <size>0x20</size>
         <input_file_ref idref="fl-d1"/>
      </object_component>
      <object_component id="oc-4d">
         <name>.text:decompress:ZI:__TI_zero_init_nomemset:__TI_zero_init_nomemset</name>
         <load_address>0x3350</load_address>
         <run_address>0x3350</run_address>
         <size>0x1c</size>
         <input_file_ref idref="fl-d4"/>
      </object_component>
      <object_component id="oc-432">
         <name>.text:copysign</name>
         <load_address>0x336c</load_address>
         <run_address>0x336c</run_address>
         <size>0x1a</size>
         <input_file_ref idref="fl-e6"/>
      </object_component>
      <object_component id="oc-1f1">
         <name>.text:CANIntRegister</name>
         <load_address>0x3386</load_address>
         <run_address>0x3386</run_address>
         <size>0x18</size>
         <input_file_ref idref="fl-c"/>
      </object_component>
      <object_component id="oc-21e">
         <name>.text:TimerIntRegister</name>
         <load_address>0x339e</load_address>
         <run_address>0x339e</run_address>
         <size>0x18</size>
         <input_file_ref idref="fl-10"/>
      </object_component>
      <object_component id="oc-1c7">
         <name>.text:UARTIntRegister</name>
         <load_address>0x33b6</load_address>
         <run_address>0x33b6</run_address>
         <size>0x18</size>
         <input_file_ref idref="fl-11"/>
      </object_component>
      <object_component id="oc-1df">
         <name>.text:GPIOPinTypeCAN</name>
         <load_address>0x33ce</load_address>
         <run_address>0x33ce</run_address>
         <size>0x16</size>
         <input_file_ref idref="fl-d"/>
      </object_component>
      <object_component id="oc-1b5">
         <name>.text:GPIOPinTypeUART</name>
         <load_address>0x33e4</load_address>
         <run_address>0x33e4</run_address>
         <size>0x16</size>
         <input_file_ref idref="fl-d"/>
      </object_component>
      <object_component id="oc-176">
         <name>.text:UARTEnable</name>
         <load_address>0x33fa</load_address>
         <run_address>0x33fa</run_address>
         <size>0x14</size>
         <input_file_ref idref="fl-11"/>
      </object_component>
      <object_component id="oc-218">
         <name>.text:TimerLoadSet</name>
         <load_address>0x340e</load_address>
         <run_address>0x340e</run_address>
         <size>0x12</size>
         <input_file_ref idref="fl-10"/>
      </object_component>
      <object_component id="oc-22a">
         <name>.text:TimerEnable</name>
         <load_address>0x3420</load_address>
         <run_address>0x3420</run_address>
         <size>0xe</size>
         <input_file_ref idref="fl-10"/>
      </object_component>
      <object_component id="oc-95">
         <name>.text:UARTCharsAvail</name>
         <load_address>0x342e</load_address>
         <run_address>0x342e</run_address>
         <size>0xe</size>
         <input_file_ref idref="fl-11"/>
      </object_component>
      <object_component id="oc-1b">
         <name>.text:decompress:none:__TI_decompress_none</name>
         <load_address>0x343c</load_address>
         <run_address>0x343c</run_address>
         <size>0xe</size>
         <input_file_ref idref="fl-d5"/>
      </object_component>
      <object_component id="oc-27">
         <name>.text</name>
         <load_address>0x344a</load_address>
         <run_address>0x344a</run_address>
         <size>0xc</size>
         <input_file_ref idref="fl-6"/>
      </object_component>
      <object_component id="oc-1fd">
         <name>.text:CANEnable</name>
         <load_address>0x3456</load_address>
         <run_address>0x3456</run_address>
         <size>0xa</size>
         <input_file_ref idref="fl-c"/>
      </object_component>
      <object_component id="oc-8f">
         <name>.text:UARTCharGet</name>
         <load_address>0x3460</load_address>
         <run_address>0x3460</run_address>
         <size>0xa</size>
         <input_file_ref idref="fl-11"/>
      </object_component>
      <object_component id="oc-17c">
         <name>.text:UARTCharPut</name>
         <load_address>0x346a</load_address>
         <run_address>0x346a</run_address>
         <size>0xa</size>
         <input_file_ref idref="fl-11"/>
      </object_component>
      <object_component id="oc-83">
         <name>.text:UARTIntStatus</name>
         <load_address>0x3474</load_address>
         <run_address>0x3474</run_address>
         <size>0xa</size>
         <input_file_ref idref="fl-11"/>
      </object_component>
      <object_component id="oc-1f7">
         <name>.text:CANIntEnable</name>
         <load_address>0x347e</load_address>
         <run_address>0x347e</run_address>
         <size>0x8</size>
         <input_file_ref idref="fl-c"/>
      </object_component>
      <object_component id="oc-224">
         <name>.text:TimerIntEnable</name>
         <load_address>0x3486</load_address>
         <run_address>0x3486</run_address>
         <size>0x8</size>
         <input_file_ref idref="fl-10"/>
      </object_component>
      <object_component id="oc-1d9">
         <name>.text:UARTIntEnable</name>
         <load_address>0x348e</load_address>
         <run_address>0x348e</run_address>
         <size>0x8</size>
         <input_file_ref idref="fl-11"/>
      </object_component>
      <object_component id="oc-42c">
         <name>.text:__aeabi_errno_addr</name>
         <load_address>0x3498</load_address>
         <run_address>0x3498</run_address>
         <size>0x8</size>
         <input_file_ref idref="fl-e5"/>
      </object_component>
      <object_component id="oc-18d">
         <name>.text:SysCtlDelay</name>
         <load_address>0x34a0</load_address>
         <run_address>0x34a0</run_address>
         <size>0x6</size>
         <input_file_ref idref="fl-f"/>
      </object_component>
      <object_component id="oc-1c1">
         <name>.text:UARTClockSourceSet</name>
         <load_address>0x34a6</load_address>
         <run_address>0x34a6</run_address>
         <size>0x6</size>
         <input_file_ref idref="fl-11"/>
      </object_component>
      <object_component id="oc-1bb">
         <name>.text:UARTFIFOLevelSet</name>
         <load_address>0x34ac</load_address>
         <run_address>0x34ac</run_address>
         <size>0x6</size>
         <input_file_ref idref="fl-11"/>
      </object_component>
      <object_component id="oc-339">
         <name>.text:TimerIntClear</name>
         <load_address>0x34b2</load_address>
         <run_address>0x34b2</run_address>
         <size>0x4</size>
         <input_file_ref idref="fl-10"/>
      </object_component>
      <object_component id="oc-89">
         <name>.text:UARTIntClear</name>
         <load_address>0x34b6</load_address>
         <run_address>0x34b6</run_address>
         <size>0x4</size>
         <input_file_ref idref="fl-11"/>
      </object_component>
      <object_component id="oc-d8">
         <name>.text:_system_pre_init</name>
         <load_address>0x34ba</load_address>
         <run_address>0x34ba</run_address>
         <size>0x4</size>
         <input_file_ref idref="fl-e0"/>
      </object_component>
      <object_component id="oc-23b">
         <name>.text:abort:abort</name>
         <load_address>0x34be</load_address>
         <run_address>0x34be</run_address>
         <size>0x4</size>
         <input_file_ref idref="fl-e2"/>
      </object_component>
      <object_component id="oc-407">
         <name>.const:$O1$$</name>
         <load_address>0x34c8</load_address>
         <run_address>0x34c8</run_address>
         <size>0x158</size>
         <input_file_ref idref="fl-d7"/>
      </object_component>
      <object_component id="oc-30c">
         <name>.const:g_pui32Regs</name>
         <load_address>0x3620</load_address>
         <run_address>0x3620</run_address>
         <size>0x9c</size>
         <input_file_ref idref="fl-e"/>
      </object_component>
      <object_component id="oc-2eb">
         <name>.const:g_pui32GPIOBaseAddrs</name>
         <load_address>0x36bc</load_address>
         <run_address>0x36bc</run_address>
         <size>0x90</size>
         <input_file_ref idref="fl-d"/>
      </object_component>
      <object_component id="oc-2e7">
         <name>.const:g_pui32Xtals</name>
         <load_address>0x374c</load_address>
         <run_address>0x374c</run_address>
         <size>0x6c</size>
         <input_file_ref idref="fl-f"/>
      </object_component>
      <object_component id="oc-39b">
         <name>.const:g_ppui32TimerIntMap</name>
         <load_address>0x37b8</load_address>
         <run_address>0x37b8</run_address>
         <size>0x60</size>
         <input_file_ref idref="fl-10"/>
      </object_component>
      <object_component id="oc-39e">
         <name>.const:g_ppui32TimerIntMapSnowflake</name>
         <load_address>0x3818</load_address>
         <run_address>0x3818</run_address>
         <size>0x40</size>
         <input_file_ref idref="fl-10"/>
      </object_component>
      <object_component id="oc-385">
         <name>.const:g_ppui32UARTIntMap</name>
         <load_address>0x3858</load_address>
         <run_address>0x3858</run_address>
         <size>0x40</size>
         <input_file_ref idref="fl-11"/>
      </object_component>
      <object_component id="oc-388">
         <name>.const:g_ppui32UARTIntMapSnowflake</name>
         <load_address>0x3898</load_address>
         <run_address>0x3898</run_address>
         <size>0x40</size>
         <input_file_ref idref="fl-11"/>
      </object_component>
      <object_component id="oc-318">
         <name>.const:g_ui16CANBitValues</name>
         <load_address>0x38d8</load_address>
         <run_address>0x38d8</run_address>
         <size>0x20</size>
         <input_file_ref idref="fl-c"/>
      </object_component>
      <object_component id="oc-311">
         <name>.const:g_pui32EnRegs</name>
         <load_address>0x38f8</load_address>
         <run_address>0x38f8</run_address>
         <size>0x14</size>
         <input_file_ref idref="fl-e"/>
      </object_component>
      <object_component id="oc-2e3">
         <name>.const:.string</name>
         <load_address>0x390c</load_address>
         <run_address>0x390c</run_address>
         <size>0x12</size>
         <input_file_ref idref="fl-2"/>
      </object_component>
      <object_component id="oc-185">
         <name>.const:g_ui32UARTBase</name>
         <load_address>0x3920</load_address>
         <run_address>0x3920</run_address>
         <size>0xc</size>
         <input_file_ref idref="fl-2"/>
      </object_component>
      <object_component id="oc-182">
         <name>.const:g_ui32UARTPeriph</name>
         <load_address>0x392c</load_address>
         <run_address>0x392c</run_address>
         <size>0xc</size>
         <input_file_ref idref="fl-2"/>
      </object_component>
      <object_component id="oc-104">
         <name>.const:.string:$P$T0$1</name>
         <load_address>0x3938</load_address>
         <run_address>0x3938</run_address>
         <size>0x8</size>
         <input_file_ref idref="fl-3"/>
      </object_component>
      <object_component id="oc-107">
         <name>.const:.string:$P$T1$2</name>
         <load_address>0x3940</load_address>
         <run_address>0x3940</run_address>
         <size>0x8</size>
         <input_file_ref idref="fl-3"/>
      </object_component>
      <object_component id="oc-122">
         <name>.const:.string:$P$T10$11</name>
         <load_address>0x3948</load_address>
         <run_address>0x3948</run_address>
         <size>0x8</size>
         <input_file_ref idref="fl-3"/>
      </object_component>
      <object_component id="oc-125">
         <name>.const:.string:$P$T11$12</name>
         <load_address>0x3950</load_address>
         <run_address>0x3950</run_address>
         <size>0x8</size>
         <input_file_ref idref="fl-3"/>
      </object_component>
      <object_component id="oc-128">
         <name>.const:.string:$P$T12$13</name>
         <load_address>0x3958</load_address>
         <run_address>0x3958</run_address>
         <size>0x8</size>
         <input_file_ref idref="fl-3"/>
      </object_component>
      <object_component id="oc-12b">
         <name>.const:.string:$P$T13$14</name>
         <load_address>0x3960</load_address>
         <run_address>0x3960</run_address>
         <size>0x8</size>
         <input_file_ref idref="fl-3"/>
      </object_component>
      <object_component id="oc-12e">
         <name>.const:.string:$P$T14$15</name>
         <load_address>0x3968</load_address>
         <run_address>0x3968</run_address>
         <size>0x8</size>
         <input_file_ref idref="fl-3"/>
      </object_component>
      <object_component id="oc-131">
         <name>.const:.string:$P$T15$16</name>
         <load_address>0x3970</load_address>
         <run_address>0x3970</run_address>
         <size>0x8</size>
         <input_file_ref idref="fl-3"/>
      </object_component>
      <object_component id="oc-134">
         <name>.const:.string:$P$T16$17</name>
         <load_address>0x3978</load_address>
         <run_address>0x3978</run_address>
         <size>0x8</size>
         <input_file_ref idref="fl-3"/>
      </object_component>
      <object_component id="oc-137">
         <name>.const:.string:$P$T17$18</name>
         <load_address>0x3980</load_address>
         <run_address>0x3980</run_address>
         <size>0x8</size>
         <input_file_ref idref="fl-3"/>
      </object_component>
      <object_component id="oc-13a">
         <name>.const:.string:$P$T18$19</name>
         <load_address>0x3988</load_address>
         <run_address>0x3988</run_address>
         <size>0x8</size>
         <input_file_ref idref="fl-3"/>
      </object_component>
      <object_component id="oc-13d">
         <name>.const:.string:$P$T19$20</name>
         <load_address>0x3990</load_address>
         <run_address>0x3990</run_address>
         <size>0x8</size>
         <input_file_ref idref="fl-3"/>
      </object_component>
      <object_component id="oc-10a">
         <name>.const:.string:$P$T2$3</name>
         <load_address>0x3998</load_address>
         <run_address>0x3998</run_address>
         <size>0x8</size>
         <input_file_ref idref="fl-3"/>
      </object_component>
      <object_component id="oc-10d">
         <name>.const:.string:$P$T3$4</name>
         <load_address>0x39a0</load_address>
         <run_address>0x39a0</run_address>
         <size>0x8</size>
         <input_file_ref idref="fl-3"/>
      </object_component>
      <object_component id="oc-110">
         <name>.const:.string:$P$T4$5</name>
         <load_address>0x39a8</load_address>
         <run_address>0x39a8</run_address>
         <size>0x8</size>
         <input_file_ref idref="fl-3"/>
      </object_component>
      <object_component id="oc-113">
         <name>.const:.string:$P$T5$6</name>
         <load_address>0x39b0</load_address>
         <run_address>0x39b0</run_address>
         <size>0x8</size>
         <input_file_ref idref="fl-3"/>
      </object_component>
      <object_component id="oc-116">
         <name>.const:.string:$P$T6$7</name>
         <load_address>0x39b8</load_address>
         <run_address>0x39b8</run_address>
         <size>0x8</size>
         <input_file_ref idref="fl-3"/>
      </object_component>
      <object_component id="oc-119">
         <name>.const:.string:$P$T7$8</name>
         <load_address>0x39c0</load_address>
         <run_address>0x39c0</run_address>
         <size>0x8</size>
         <input_file_ref idref="fl-3"/>
      </object_component>
      <object_component id="oc-11c">
         <name>.const:.string:$P$T8$9</name>
         <load_address>0x39c8</load_address>
         <run_address>0x39c8</run_address>
         <size>0x8</size>
         <input_file_ref idref="fl-3"/>
      </object_component>
      <object_component id="oc-11f">
         <name>.const:.string:$P$T9$10</name>
         <load_address>0x39d0</load_address>
         <run_address>0x39d0</run_address>
         <size>0x8</size>
         <input_file_ref idref="fl-3"/>
      </object_component>
      <object_component id="oc-1a0">
         <name>.const</name>
         <load_address>0x39d8</load_address>
         <run_address>0x39d8</run_address>
         <size>0x4</size>
         <input_file_ref idref="fl-2"/>
      </object_component>
      <object_component id="oc-482">
         <name>.cinit..data.load</name>
         <load_address>0x39e0</load_address>
         <run_address>0x39e0</run_address>
         <size>0x18</size>
      </object_component>
      <object_component id="oc-47f">
         <name>__TI_handler_table</name>
         <load_address>0x39f8</load_address>
         <run_address>0x39f8</run_address>
         <size>0xc</size>
      </object_component>
      <object_component id="oc-483">
         <name>.cinit..bss.load</name>
         <load_address>0x3a08</load_address>
         <run_address>0x3a08</run_address>
         <size>0x8</size>
      </object_component>
      <object_component id="oc-481">
         <name>.cinit..vtable.load</name>
         <load_address>0x3a10</load_address>
         <run_address>0x3a10</run_address>
         <size>0x8</size>
      </object_component>
      <object_component id="oc-480">
         <name>__TI_cinit_table</name>
         <load_address>0x3a18</load_address>
         <run_address>0x3a18</run_address>
         <size>0x18</size>
      </object_component>
      <object_component id="oc-38c">
         <name>.vtable</name>
         <uninitialized>true</uninitialized>
         <run_address>0x20000000</run_address>
         <size>0x26c</size>
         <input_file_ref idref="fl-e"/>
      </object_component>
      <object_component id="oc-a9">
         <name>.data</name>
         <load_address>0x200004a0</load_address>
         <run_address>0x200004a0</run_address>
         <size>0xd</size>
         <input_file_ref idref="fl-2"/>
      </object_component>
      <object_component id="oc-238">
         <name>.data</name>
         <load_address>0x200004b0</load_address>
         <run_address>0x200004b0</run_address>
         <size>0xc</size>
         <input_file_ref idref="fl-4"/>
      </object_component>
      <object_component id="oc-a6">
         <name>.data</name>
         <load_address>0x200004bc</load_address>
         <run_address>0x200004bc</run_address>
         <size>0x8</size>
         <input_file_ref idref="fl-5"/>
      </object_component>
      <object_component id="oc-448">
         <name>.data</name>
         <load_address>0x200004c4</load_address>
         <run_address>0x200004c4</run_address>
         <size>0x4</size>
         <input_file_ref idref="fl-e5"/>
      </object_component>
      <object_component id="oc-237">
         <name>.common:rxData</name>
         <uninitialized>true</uninitialized>
         <run_address>0x20000498</run_address>
         <size>0x8</size>
      </object_component>
      <object_component id="oc-236">
         <name>.common:rxMsg</name>
         <uninitialized>true</uninitialized>
         <run_address>0x20000470</run_address>
         <size>0x14</size>
      </object_component>
      <object_component id="oc-101">
         <name>.common:txMsg</name>
         <uninitialized>true</uninitialized>
         <run_address>0x20000484</run_address>
         <size>0x14</size>
      </object_component>
      <object_component id="oc-24">
         <name>.stack</name>
         <uninitialized>true</uninitialized>
         <run_address>0x20000270</run_address>
         <size>0x4</size>
         <input_file_ref idref="fl-d8"/>
      </object_component>
      <object_component id="oc-485">
         <name>.stack</name>
         <uninitialized>true</uninitialized>
         <run_address>0x20000270</run_address>
         <size>0x0</size>
      </object_component>
      <object_component id="oc-154">
         <name>.debug_info</name>
         <load_address>0x0</load_address>
         <run_address>0x0</run_address>
         <size>0xf6</size>
         <input_file_ref idref="fl-1"/>
      </object_component>
      <object_component id="oc-2c5">
         <name>.debug_info</name>
         <load_address>0xf6</load_address>
         <run_address>0xf6</run_address>
         <size>0x72</size>
         <input_file_ref idref="fl-1"/>
      </object_component>
      <object_component id="oc-bd">
         <name>.debug_info</name>
         <load_address>0x168</load_address>
         <run_address>0x168</run_address>
         <size>0x26b</size>
         <input_file_ref idref="fl-1"/>
      </object_component>
      <object_component id="oc-3c">
         <name>.debug_info</name>
         <load_address>0x3d3</load_address>
         <run_address>0x3d3</run_address>
         <size>0x84</size>
         <input_file_ref idref="fl-1"/>
      </object_component>
      <object_component id="oc-14d">
         <name>.debug_info</name>
         <load_address>0x457</load_address>
         <run_address>0x457</run_address>
         <size>0x2a4</size>
         <input_file_ref idref="fl-1"/>
      </object_component>
      <object_component id="oc-b0">
         <name>.debug_info</name>
         <load_address>0x6fb</load_address>
         <run_address>0x6fb</run_address>
         <size>0xbb</size>
         <input_file_ref idref="fl-1"/>
      </object_component>
      <object_component id="oc-144">
         <name>.debug_info</name>
         <load_address>0x7b6</load_address>
         <run_address>0x7b6</run_address>
         <size>0xaf8</size>
         <input_file_ref idref="fl-2"/>
      </object_component>
      <object_component id="oc-ad">
         <name>.debug_info</name>
         <load_address>0x12ae</load_address>
         <run_address>0x12ae</run_address>
         <size>0x167</size>
         <input_file_ref idref="fl-2"/>
      </object_component>
      <object_component id="oc-1a1">
         <name>.debug_info</name>
         <load_address>0x1415</load_address>
         <run_address>0x1415</run_address>
         <size>0xe1</size>
         <input_file_ref idref="fl-2"/>
      </object_component>
      <object_component id="oc-186">
         <name>.debug_info</name>
         <load_address>0x14f6</load_address>
         <run_address>0x14f6</run_address>
         <size>0xef</size>
         <input_file_ref idref="fl-2"/>
      </object_component>
      <object_component id="oc-183">
         <name>.debug_info</name>
         <load_address>0x15e5</load_address>
         <run_address>0x15e5</run_address>
         <size>0xf3</size>
         <input_file_ref idref="fl-2"/>
      </object_component>
      <object_component id="oc-aa">
         <name>.debug_info</name>
         <load_address>0x16d8</load_address>
         <run_address>0x16d8</run_address>
         <size>0xea9</size>
         <input_file_ref idref="fl-2"/>
      </object_component>
      <object_component id="oc-28f">
         <name>.debug_info</name>
         <load_address>0x2581</load_address>
         <run_address>0x2581</run_address>
         <size>0x1b3</size>
         <input_file_ref idref="fl-2"/>
      </object_component>
      <object_component id="oc-b5">
         <name>.debug_info</name>
         <load_address>0x2734</load_address>
         <run_address>0x2734</run_address>
         <size>0x8b</size>
         <input_file_ref idref="fl-2"/>
      </object_component>
      <object_component id="oc-146">
         <name>.debug_info</name>
         <load_address>0x27bf</load_address>
         <run_address>0x27bf</run_address>
         <size>0x2c</size>
         <input_file_ref idref="fl-2"/>
      </object_component>
      <object_component id="oc-2be">
         <name>.debug_info</name>
         <load_address>0x27eb</load_address>
         <run_address>0x27eb</run_address>
         <size>0x35</size>
         <input_file_ref idref="fl-2"/>
      </object_component>
      <object_component id="oc-102">
         <name>.debug_info</name>
         <load_address>0x2820</load_address>
         <run_address>0x2820</run_address>
         <size>0x35d</size>
         <input_file_ref idref="fl-3"/>
      </object_component>
      <object_component id="oc-105">
         <name>.debug_info</name>
         <load_address>0x2b7d</load_address>
         <run_address>0x2b7d</run_address>
         <size>0xe9</size>
         <input_file_ref idref="fl-3"/>
      </object_component>
      <object_component id="oc-108">
         <name>.debug_info</name>
         <load_address>0x2c66</load_address>
         <run_address>0x2c66</run_address>
         <size>0xe9</size>
         <input_file_ref idref="fl-3"/>
      </object_component>
      <object_component id="oc-10b">
         <name>.debug_info</name>
         <load_address>0x2d4f</load_address>
         <run_address>0x2d4f</run_address>
         <size>0xe9</size>
         <input_file_ref idref="fl-3"/>
      </object_component>
      <object_component id="oc-10e">
         <name>.debug_info</name>
         <load_address>0x2e38</load_address>
         <run_address>0x2e38</run_address>
         <size>0xe9</size>
         <input_file_ref idref="fl-3"/>
      </object_component>
      <object_component id="oc-111">
         <name>.debug_info</name>
         <load_address>0x2f21</load_address>
         <run_address>0x2f21</run_address>
         <size>0xe9</size>
         <input_file_ref idref="fl-3"/>
      </object_component>
      <object_component id="oc-114">
         <name>.debug_info</name>
         <load_address>0x300a</load_address>
         <run_address>0x300a</run_address>
         <size>0xe9</size>
         <input_file_ref idref="fl-3"/>
      </object_component>
      <object_component id="oc-117">
         <name>.debug_info</name>
         <load_address>0x30f3</load_address>
         <run_address>0x30f3</run_address>
         <size>0xe9</size>
         <input_file_ref idref="fl-3"/>
      </object_component>
      <object_component id="oc-11a">
         <name>.debug_info</name>
         <load_address>0x31dc</load_address>
         <run_address>0x31dc</run_address>
         <size>0xe9</size>
         <input_file_ref idref="fl-3"/>
      </object_component>
      <object_component id="oc-11d">
         <name>.debug_info</name>
         <load_address>0x32c5</load_address>
         <run_address>0x32c5</run_address>
         <size>0xe9</size>
         <input_file_ref idref="fl-3"/>
      </object_component>
      <object_component id="oc-120">
         <name>.debug_info</name>
         <load_address>0x33ae</load_address>
         <run_address>0x33ae</run_address>
         <size>0xeb</size>
         <input_file_ref idref="fl-3"/>
      </object_component>
      <object_component id="oc-123">
         <name>.debug_info</name>
         <load_address>0x3499</load_address>
         <run_address>0x3499</run_address>
         <size>0xed</size>
         <input_file_ref idref="fl-3"/>
      </object_component>
      <object_component id="oc-126">
         <name>.debug_info</name>
         <load_address>0x3586</load_address>
         <run_address>0x3586</run_address>
         <size>0xed</size>
         <input_file_ref idref="fl-3"/>
      </object_component>
      <object_component id="oc-129">
         <name>.debug_info</name>
         <load_address>0x3673</load_address>
         <run_address>0x3673</run_address>
         <size>0xed</size>
         <input_file_ref idref="fl-3"/>
      </object_component>
      <object_component id="oc-12c">
         <name>.debug_info</name>
         <load_address>0x3760</load_address>
         <run_address>0x3760</run_address>
         <size>0xed</size>
         <input_file_ref idref="fl-3"/>
      </object_component>
      <object_component id="oc-12f">
         <name>.debug_info</name>
         <load_address>0x384d</load_address>
         <run_address>0x384d</run_address>
         <size>0xed</size>
         <input_file_ref idref="fl-3"/>
      </object_component>
      <object_component id="oc-132">
         <name>.debug_info</name>
         <load_address>0x393a</load_address>
         <run_address>0x393a</run_address>
         <size>0xed</size>
         <input_file_ref idref="fl-3"/>
      </object_component>
      <object_component id="oc-135">
         <name>.debug_info</name>
         <load_address>0x3a27</load_address>
         <run_address>0x3a27</run_address>
         <size>0xed</size>
         <input_file_ref idref="fl-3"/>
      </object_component>
      <object_component id="oc-138">
         <name>.debug_info</name>
         <load_address>0x3b14</load_address>
         <run_address>0x3b14</run_address>
         <size>0xed</size>
         <input_file_ref idref="fl-3"/>
      </object_component>
      <object_component id="oc-13b">
         <name>.debug_info</name>
         <load_address>0x3c01</load_address>
         <run_address>0x3c01</run_address>
         <size>0xed</size>
         <input_file_ref idref="fl-3"/>
      </object_component>
      <object_component id="oc-13e">
         <name>.debug_info</name>
         <load_address>0x3cee</load_address>
         <run_address>0x3cee</run_address>
         <size>0xed</size>
         <input_file_ref idref="fl-3"/>
      </object_component>
      <object_component id="oc-a3">
         <name>.debug_info</name>
         <load_address>0x3ddb</load_address>
         <run_address>0x3ddb</run_address>
         <size>0x806</size>
         <input_file_ref idref="fl-3"/>
      </object_component>
      <object_component id="oc-239">
         <name>.debug_info</name>
         <load_address>0x45e1</load_address>
         <run_address>0x45e1</run_address>
         <size>0x130</size>
         <input_file_ref idref="fl-4"/>
      </object_component>
      <object_component id="oc-234">
         <name>.debug_info</name>
         <load_address>0x4711</load_address>
         <run_address>0x4711</run_address>
         <size>0x255</size>
         <input_file_ref idref="fl-4"/>
      </object_component>
      <object_component id="oc-ba">
         <name>.debug_info</name>
         <load_address>0x4966</load_address>
         <run_address>0x4966</run_address>
         <size>0x393</size>
         <input_file_ref idref="fl-5"/>
      </object_component>
      <object_component id="oc-a7">
         <name>.debug_info</name>
         <load_address>0x4cf9</load_address>
         <run_address>0x4cf9</run_address>
         <size>0xfa</size>
         <input_file_ref idref="fl-5"/>
      </object_component>
      <object_component id="oc-30">
         <name>.debug_info</name>
         <load_address>0x4df3</load_address>
         <run_address>0x4df3</run_address>
         <size>0x3b9</size>
         <input_file_ref idref="fl-5"/>
      </object_component>
      <object_component id="oc-35">
         <name>.debug_info</name>
         <load_address>0x51ac</load_address>
         <run_address>0x51ac</run_address>
         <size>0x2e1</size>
         <input_file_ref idref="fl-6"/>
      </object_component>
      <object_component id="oc-13">
         <name>.debug_info</name>
         <load_address>0x548d</load_address>
         <run_address>0x548d</run_address>
         <size>0x100</size>
         <input_file_ref idref="fl-6"/>
      </object_component>
      <object_component id="oc-28">
         <name>.debug_info</name>
         <load_address>0x558d</load_address>
         <run_address>0x558d</run_address>
         <size>0x27c</size>
         <input_file_ref idref="fl-6"/>
      </object_component>
      <object_component id="oc-28c">
         <name>.debug_info</name>
         <load_address>0x5809</load_address>
         <run_address>0x5809</run_address>
         <size>0x3d0</size>
         <input_file_ref idref="fl-c"/>
      </object_component>
      <object_component id="oc-319">
         <name>.debug_info</name>
         <load_address>0x5bd9</load_address>
         <run_address>0x5bd9</run_address>
         <size>0x15f</size>
         <input_file_ref idref="fl-c"/>
      </object_component>
      <object_component id="oc-197">
         <name>.debug_info</name>
         <load_address>0x5d38</load_address>
         <run_address>0x5d38</run_address>
         <size>0x28f</size>
         <input_file_ref idref="fl-c"/>
      </object_component>
      <object_component id="oc-288">
         <name>.debug_info</name>
         <load_address>0x5fc7</load_address>
         <run_address>0x5fc7</run_address>
         <size>0x2e6</size>
         <input_file_ref idref="fl-c"/>
      </object_component>
      <object_component id="oc-fe">
         <name>.debug_info</name>
         <load_address>0x62ad</load_address>
         <run_address>0x62ad</run_address>
         <size>0x41c</size>
         <input_file_ref idref="fl-c"/>
      </object_component>
      <object_component id="oc-31f">
         <name>.debug_info</name>
         <load_address>0x66c9</load_address>
         <run_address>0x66c9</run_address>
         <size>0x280</size>
         <input_file_ref idref="fl-c"/>
      </object_component>
      <object_component id="oc-191">
         <name>.debug_info</name>
         <load_address>0x6949</load_address>
         <run_address>0x6949</run_address>
         <size>0x295</size>
         <input_file_ref idref="fl-c"/>
      </object_component>
      <object_component id="oc-1f4">
         <name>.debug_info</name>
         <load_address>0x6bde</load_address>
         <run_address>0x6bde</run_address>
         <size>0x2d0</size>
         <input_file_ref idref="fl-c"/>
      </object_component>
      <object_component id="oc-1fa">
         <name>.debug_info</name>
         <load_address>0x6eae</load_address>
         <run_address>0x6eae</run_address>
         <size>0x293</size>
         <input_file_ref idref="fl-c"/>
      </object_component>
      <object_component id="oc-19d">
         <name>.debug_info</name>
         <load_address>0x7141</load_address>
         <run_address>0x7141</run_address>
         <size>0x28f</size>
         <input_file_ref idref="fl-c"/>
      </object_component>
      <object_component id="oc-1e7">
         <name>.debug_info</name>
         <load_address>0x73d0</load_address>
         <run_address>0x73d0</run_address>
         <size>0x275</size>
         <input_file_ref idref="fl-c"/>
      </object_component>
      <object_component id="oc-1ff">
         <name>.debug_info</name>
         <load_address>0x7645</load_address>
         <run_address>0x7645</run_address>
         <size>0x24b</size>
         <input_file_ref idref="fl-c"/>
      </object_component>
      <object_component id="oc-1ed">
         <name>.debug_info</name>
         <load_address>0x7890</load_address>
         <run_address>0x7890</run_address>
         <size>0x369</size>
         <input_file_ref idref="fl-c"/>
      </object_component>
      <object_component id="oc-370">
         <name>.debug_info</name>
         <load_address>0x7bf9</load_address>
         <run_address>0x7bf9</run_address>
         <size>0x1b3</size>
         <input_file_ref idref="fl-c"/>
      </object_component>
      <object_component id="oc-280">
         <name>.debug_info</name>
         <load_address>0x7dac</load_address>
         <run_address>0x7dac</run_address>
         <size>0x26b</size>
         <input_file_ref idref="fl-c"/>
      </object_component>
      <object_component id="oc-279">
         <name>.debug_info</name>
         <load_address>0x8017</load_address>
         <run_address>0x8017</run_address>
         <size>0x297</size>
         <input_file_ref idref="fl-c"/>
      </object_component>
      <object_component id="oc-323">
         <name>.debug_info</name>
         <load_address>0x82ae</load_address>
         <run_address>0x82ae</run_address>
         <size>0xef</size>
         <input_file_ref idref="fl-c"/>
      </object_component>
      <object_component id="oc-f1">
         <name>.debug_info</name>
         <load_address>0x839d</load_address>
         <run_address>0x839d</run_address>
         <size>0xbb</size>
         <input_file_ref idref="fl-c"/>
      </object_component>
      <object_component id="oc-2ef">
         <name>.debug_info</name>
         <load_address>0x8458</load_address>
         <run_address>0x8458</run_address>
         <size>0x3e4</size>
         <input_file_ref idref="fl-d"/>
      </object_component>
      <object_component id="oc-2ec">
         <name>.debug_info</name>
         <load_address>0x883c</load_address>
         <run_address>0x883c</run_address>
         <size>0x164</size>
         <input_file_ref idref="fl-d"/>
      </object_component>
      <object_component id="oc-2f4">
         <name>.debug_info</name>
         <load_address>0x89a0</load_address>
         <run_address>0x89a0</run_address>
         <size>0x2bc</size>
         <input_file_ref idref="fl-d"/>
      </object_component>
      <object_component id="oc-2fa">
         <name>.debug_info</name>
         <load_address>0x8c5c</load_address>
         <run_address>0x8c5c</run_address>
         <size>0x31f</size>
         <input_file_ref idref="fl-d"/>
      </object_component>
      <object_component id="oc-1b9">
         <name>.debug_info</name>
         <load_address>0x8f7b</load_address>
         <run_address>0x8f7b</run_address>
         <size>0x29b</size>
         <input_file_ref idref="fl-d"/>
      </object_component>
      <object_component id="oc-1e0">
         <name>.debug_info</name>
         <load_address>0x9216</load_address>
         <run_address>0x9216</run_address>
         <size>0x299</size>
         <input_file_ref idref="fl-d"/>
      </object_component>
      <object_component id="oc-1b0">
         <name>.debug_info</name>
         <load_address>0x94af</load_address>
         <run_address>0x94af</run_address>
         <size>0x289</size>
         <input_file_ref idref="fl-d"/>
      </object_component>
      <object_component id="oc-310">
         <name>.debug_info</name>
         <load_address>0x9738</load_address>
         <run_address>0x9738</run_address>
         <size>0x3b7</size>
         <input_file_ref idref="fl-e"/>
      </object_component>
      <object_component id="oc-30d">
         <name>.debug_info</name>
         <load_address>0x9aef</load_address>
         <run_address>0x9aef</run_address>
         <size>0x157</size>
         <input_file_ref idref="fl-e"/>
      </object_component>
      <object_component id="oc-312">
         <name>.debug_info</name>
         <load_address>0x9c46</load_address>
         <run_address>0x9c46</run_address>
         <size>0x15b</size>
         <input_file_ref idref="fl-e"/>
      </object_component>
      <object_component id="oc-38d">
         <name>.debug_info</name>
         <load_address>0x9da1</load_address>
         <run_address>0x9da1</run_address>
         <size>0x160</size>
         <input_file_ref idref="fl-e"/>
      </object_component>
      <object_component id="oc-309">
         <name>.debug_info</name>
         <load_address>0x9f01</load_address>
         <run_address>0x9f01</run_address>
         <size>0x2ca</size>
         <input_file_ref idref="fl-e"/>
      </object_component>
      <object_component id="oc-1d1">
         <name>.debug_info</name>
         <load_address>0xa1cb</load_address>
         <run_address>0xa1cb</run_address>
         <size>0x2d2</size>
         <input_file_ref idref="fl-e"/>
      </object_component>
      <object_component id="oc-1d4">
         <name>.debug_info</name>
         <load_address>0xa49d</load_address>
         <run_address>0xa49d</run_address>
         <size>0x271</size>
         <input_file_ref idref="fl-e"/>
      </object_component>
      <object_component id="oc-2cb">
         <name>.debug_info</name>
         <load_address>0xa70e</load_address>
         <run_address>0xa70e</run_address>
         <size>0x441</size>
         <input_file_ref idref="fl-f"/>
      </object_component>
      <object_component id="oc-2e8">
         <name>.debug_info</name>
         <load_address>0xab4f</load_address>
         <run_address>0xab4f</run_address>
         <size>0x156</size>
         <input_file_ref idref="fl-f"/>
      </object_component>
      <object_component id="oc-167">
         <name>.debug_info</name>
         <load_address>0xaca5</load_address>
         <run_address>0xaca5</run_address>
         <size>0x28c</size>
         <input_file_ref idref="fl-f"/>
      </object_component>
      <object_component id="oc-16d">
         <name>.debug_info</name>
         <load_address>0xaf31</load_address>
         <run_address>0xaf31</run_address>
         <size>0x286</size>
         <input_file_ref idref="fl-f"/>
      </object_component>
      <object_component id="oc-1a6">
         <name>.debug_info</name>
         <load_address>0xb1b7</load_address>
         <run_address>0xb1b7</run_address>
         <size>0x2e4</size>
         <input_file_ref idref="fl-f"/>
      </object_component>
      <object_component id="oc-1ac">
         <name>.debug_info</name>
         <load_address>0xb49b</load_address>
         <run_address>0xb49b</run_address>
         <size>0x2be</size>
         <input_file_ref idref="fl-f"/>
      </object_component>
      <object_component id="oc-377">
         <name>.debug_info</name>
         <load_address>0xb759</load_address>
         <run_address>0xb759</run_address>
         <size>0x51</size>
         <input_file_ref idref="fl-f"/>
      </object_component>
      <object_component id="oc-32b">
         <name>.debug_info</name>
         <load_address>0xb7aa</load_address>
         <run_address>0xb7aa</run_address>
         <size>0x3c7</size>
         <input_file_ref idref="fl-10"/>
      </object_component>
      <object_component id="oc-39c">
         <name>.debug_info</name>
         <load_address>0xbb71</load_address>
         <run_address>0xbb71</run_address>
         <size>0x163</size>
         <input_file_ref idref="fl-10"/>
      </object_component>
      <object_component id="oc-39f">
         <name>.debug_info</name>
         <load_address>0xbcd4</load_address>
         <run_address>0xbcd4</run_address>
         <size>0x175</size>
         <input_file_ref idref="fl-10"/>
      </object_component>
      <object_component id="oc-219">
         <name>.debug_info</name>
         <load_address>0xbe49</load_address>
         <run_address>0xbe49</run_address>
         <size>0x2c3</size>
         <input_file_ref idref="fl-10"/>
      </object_component>
      <object_component id="oc-331">
         <name>.debug_info</name>
         <load_address>0xc10c</load_address>
         <run_address>0xc10c</run_address>
         <size>0x2f4</size>
         <input_file_ref idref="fl-10"/>
      </object_component>
      <object_component id="oc-21f">
         <name>.debug_info</name>
         <load_address>0xc400</load_address>
         <run_address>0xc400</run_address>
         <size>0x2ed</size>
         <input_file_ref idref="fl-10"/>
      </object_component>
      <object_component id="oc-225">
         <name>.debug_info</name>
         <load_address>0xc6ed</load_address>
         <run_address>0xc6ed</run_address>
         <size>0x29d</size>
         <input_file_ref idref="fl-10"/>
      </object_component>
      <object_component id="oc-33a">
         <name>.debug_info</name>
         <load_address>0xc98a</load_address>
         <run_address>0xc98a</run_address>
         <size>0x29b</size>
         <input_file_ref idref="fl-10"/>
      </object_component>
      <object_component id="oc-22b">
         <name>.debug_info</name>
         <load_address>0xcc25</load_address>
         <run_address>0xcc25</run_address>
         <size>0x288</size>
         <input_file_ref idref="fl-10"/>
      </object_component>
      <object_component id="oc-206">
         <name>.debug_info</name>
         <load_address>0xcead</load_address>
         <run_address>0xcead</run_address>
         <size>0x295</size>
         <input_file_ref idref="fl-10"/>
      </object_component>
      <object_component id="oc-f6">
         <name>.debug_info</name>
         <load_address>0xd142</load_address>
         <run_address>0xd142</run_address>
         <size>0x3cb</size>
         <input_file_ref idref="fl-11"/>
      </object_component>
      <object_component id="oc-386">
         <name>.debug_info</name>
         <load_address>0xd50d</load_address>
         <run_address>0xd50d</run_address>
         <size>0x160</size>
         <input_file_ref idref="fl-11"/>
      </object_component>
      <object_component id="oc-389">
         <name>.debug_info</name>
         <load_address>0xd66d</load_address>
         <run_address>0xd66d</run_address>
         <size>0x172</size>
         <input_file_ref idref="fl-11"/>
      </object_component>
      <object_component id="oc-300">
         <name>.debug_info</name>
         <load_address>0xd7df</load_address>
         <run_address>0xd7df</run_address>
         <size>0x287</size>
         <input_file_ref idref="fl-11"/>
      </object_component>
      <object_component id="oc-84">
         <name>.debug_info</name>
         <load_address>0xda66</load_address>
         <run_address>0xda66</run_address>
         <size>0x288</size>
         <input_file_ref idref="fl-11"/>
      </object_component>
      <object_component id="oc-1c8">
         <name>.debug_info</name>
         <load_address>0xdcee</load_address>
         <run_address>0xdcee</run_address>
         <size>0x2cc</size>
         <input_file_ref idref="fl-11"/>
      </object_component>
      <object_component id="oc-1da">
         <name>.debug_info</name>
         <load_address>0xdfba</load_address>
         <run_address>0xdfba</run_address>
         <size>0x298</size>
         <input_file_ref idref="fl-11"/>
      </object_component>
      <object_component id="oc-8a">
         <name>.debug_info</name>
         <load_address>0xe252</load_address>
         <run_address>0xe252</run_address>
         <size>0x296</size>
         <input_file_ref idref="fl-11"/>
      </object_component>
      <object_component id="oc-1bc">
         <name>.debug_info</name>
         <load_address>0xe4e8</load_address>
         <run_address>0xe4e8</run_address>
         <size>0x2d8</size>
         <input_file_ref idref="fl-11"/>
      </object_component>
      <object_component id="oc-177">
         <name>.debug_info</name>
         <load_address>0xe7c0</load_address>
         <run_address>0xe7c0</run_address>
         <size>0x250</size>
         <input_file_ref idref="fl-11"/>
      </object_component>
      <object_component id="oc-2ce">
         <name>.debug_info</name>
         <load_address>0xea10</load_address>
         <run_address>0xea10</run_address>
         <size>0x252</size>
         <input_file_ref idref="fl-11"/>
      </object_component>
      <object_component id="oc-171">
         <name>.debug_info</name>
         <load_address>0xec62</load_address>
         <run_address>0xec62</run_address>
         <size>0x32f</size>
         <input_file_ref idref="fl-11"/>
      </object_component>
      <object_component id="oc-1c2">
         <name>.debug_info</name>
         <load_address>0xef91</load_address>
         <run_address>0xef91</run_address>
         <size>0x29a</size>
         <input_file_ref idref="fl-11"/>
      </object_component>
      <object_component id="oc-96">
         <name>.debug_info</name>
         <load_address>0xf22b</load_address>
         <run_address>0xf22b</run_address>
         <size>0x25c</size>
         <input_file_ref idref="fl-11"/>
      </object_component>
      <object_component id="oc-17d">
         <name>.debug_info</name>
         <load_address>0xf487</load_address>
         <run_address>0xf487</run_address>
         <size>0x27c</size>
         <input_file_ref idref="fl-11"/>
      </object_component>
      <object_component id="oc-90">
         <name>.debug_info</name>
         <load_address>0xf703</load_address>
         <run_address>0xf703</run_address>
         <size>0x256</size>
         <input_file_ref idref="fl-11"/>
      </object_component>
      <object_component id="oc-3c1">
         <name>.debug_info</name>
         <load_address>0xf959</load_address>
         <run_address>0xf959</run_address>
         <size>0x361</size>
         <input_file_ref idref="fl-c8"/>
      </object_component>
      <object_component id="oc-348">
         <name>.debug_info</name>
         <load_address>0xfcba</load_address>
         <run_address>0xfcba</run_address>
         <size>0x79b</size>
         <input_file_ref idref="fl-c8"/>
      </object_component>
      <object_component id="oc-416">
         <name>.debug_info</name>
         <load_address>0x10455</load_address>
         <run_address>0x10455</run_address>
         <size>0x46</size>
         <input_file_ref idref="fl-c8"/>
      </object_component>
      <object_component id="oc-3c2">
         <name>.debug_info</name>
         <load_address>0x1049b</load_address>
         <run_address>0x1049b</run_address>
         <size>0x39</size>
         <input_file_ref idref="fl-c8"/>
      </object_component>
      <object_component id="oc-7a">
         <name>.debug_info</name>
         <load_address>0x104d4</load_address>
         <run_address>0x104d4</run_address>
         <size>0x14c</size>
         <input_file_ref idref="fl-c9"/>
      </object_component>
      <object_component id="oc-3b0">
         <name>.debug_info</name>
         <load_address>0x10620</load_address>
         <run_address>0x10620</run_address>
         <size>0x128</size>
         <input_file_ref idref="fl-ca"/>
      </object_component>
      <object_component id="oc-403">
         <name>.debug_info</name>
         <load_address>0x10748</load_address>
         <run_address>0x10748</run_address>
         <size>0x12a</size>
         <input_file_ref idref="fl-ca"/>
      </object_component>
      <object_component id="oc-210">
         <name>.debug_info</name>
         <load_address>0x10872</load_address>
         <run_address>0x10872</run_address>
         <size>0x13a</size>
         <input_file_ref idref="fl-cb"/>
      </object_component>
      <object_component id="oc-3a7">
         <name>.debug_info</name>
         <load_address>0x109ac</load_address>
         <run_address>0x109ac</run_address>
         <size>0x12e</size>
         <input_file_ref idref="fl-cc"/>
      </object_component>
      <object_component id="oc-7f">
         <name>.debug_info</name>
         <load_address>0x10ada</load_address>
         <run_address>0x10ada</run_address>
         <size>0x13e</size>
         <input_file_ref idref="fl-cd"/>
      </object_component>
      <object_component id="oc-215">
         <name>.debug_info</name>
         <load_address>0x10c18</load_address>
         <run_address>0x10c18</run_address>
         <size>0x139</size>
         <input_file_ref idref="fl-ce"/>
      </object_component>
      <object_component id="oc-77">
         <name>.debug_info</name>
         <load_address>0x10d51</load_address>
         <run_address>0x10d51</run_address>
         <size>0x12c</size>
         <input_file_ref idref="fl-cf"/>
      </object_component>
      <object_component id="oc-340">
         <name>.debug_info</name>
         <load_address>0x10e7d</load_address>
         <run_address>0x10e7d</run_address>
         <size>0x12c</size>
         <input_file_ref idref="fl-d0"/>
      </object_component>
      <object_component id="oc-20c">
         <name>.debug_info</name>
         <load_address>0x10fa9</load_address>
         <run_address>0x10fa9</run_address>
         <size>0x12e</size>
         <input_file_ref idref="fl-d1"/>
      </object_component>
      <object_component id="oc-9c">
         <name>.debug_info</name>
         <load_address>0x110d7</load_address>
         <run_address>0x110d7</run_address>
         <size>0x147</size>
         <input_file_ref idref="fl-d2"/>
      </object_component>
      <object_component id="oc-18b">
         <name>.debug_info</name>
         <load_address>0x1121e</load_address>
         <run_address>0x1121e</run_address>
         <size>0x142</size>
         <input_file_ref idref="fl-d3"/>
      </object_component>
      <object_component id="oc-d6">
         <name>.debug_info</name>
         <load_address>0x11360</load_address>
         <run_address>0x11360</run_address>
         <size>0x2d4</size>
         <input_file_ref idref="fl-d4"/>
      </object_component>
      <object_component id="oc-4e">
         <name>.debug_info</name>
         <load_address>0x11634</load_address>
         <run_address>0x11634</run_address>
         <size>0x1d2</size>
         <input_file_ref idref="fl-d4"/>
      </object_component>
      <object_component id="oc-d1">
         <name>.debug_info</name>
         <load_address>0x11806</load_address>
         <run_address>0x11806</run_address>
         <size>0x46</size>
         <input_file_ref idref="fl-d4"/>
      </object_component>
      <object_component id="oc-15c">
         <name>.debug_info</name>
         <load_address>0x1184c</load_address>
         <run_address>0x1184c</run_address>
         <size>0x2c</size>
         <input_file_ref idref="fl-d4"/>
      </object_component>
      <object_component id="oc-4c">
         <name>.debug_info</name>
         <load_address>0x11878</load_address>
         <run_address>0x11878</run_address>
         <size>0x2a8</size>
         <input_file_ref idref="fl-d5"/>
      </object_component>
      <object_component id="oc-1c">
         <name>.debug_info</name>
         <load_address>0x11b20</load_address>
         <run_address>0x11b20</run_address>
         <size>0x1ea</size>
         <input_file_ref idref="fl-d5"/>
      </object_component>
      <object_component id="oc-47">
         <name>.debug_info</name>
         <load_address>0x11d0a</load_address>
         <run_address>0x11d0a</run_address>
         <size>0x46</size>
         <input_file_ref idref="fl-d5"/>
      </object_component>
      <object_component id="oc-c9">
         <name>.debug_info</name>
         <load_address>0x11d50</load_address>
         <run_address>0x11d50</run_address>
         <size>0x2c</size>
         <input_file_ref idref="fl-d5"/>
      </object_component>
      <object_component id="oc-c7">
         <name>.debug_info</name>
         <load_address>0x11d7c</load_address>
         <run_address>0x11d7c</run_address>
         <size>0x29e</size>
         <input_file_ref idref="fl-d6"/>
      </object_component>
      <object_component id="oc-17">
         <name>.debug_info</name>
         <load_address>0x1201a</load_address>
         <run_address>0x1201a</run_address>
         <size>0x250</size>
         <input_file_ref idref="fl-d6"/>
      </object_component>
      <object_component id="oc-37">
         <name>.debug_info</name>
         <load_address>0x1226a</load_address>
         <run_address>0x1226a</run_address>
         <size>0x60</size>
         <input_file_ref idref="fl-d6"/>
      </object_component>
      <object_component id="oc-155">
         <name>.debug_info</name>
         <load_address>0x122ca</load_address>
         <run_address>0x122ca</run_address>
         <size>0x46</size>
         <input_file_ref idref="fl-d6"/>
      </object_component>
      <object_component id="oc-c2">
         <name>.debug_info</name>
         <load_address>0x12310</load_address>
         <run_address>0x12310</run_address>
         <size>0x39</size>
         <input_file_ref idref="fl-d6"/>
      </object_component>
      <object_component id="oc-40b">
         <name>.debug_info</name>
         <load_address>0x12349</load_address>
         <run_address>0x12349</run_address>
         <size>0x3aa</size>
[...]
         <value>0x3bd</value>
         <object_component_ref idref="oc-de"/>
      </symbol>
      <symbol id="sm-fc">
         <name>UARTgets</name>
         <value>0x303</value>
         <object_component_ref idref="oc-de"/>
      </symbol>
      <symbol id="sm-fd">
         <name>UARTStdioConfig</name>
         <value>0x26d</value>
         <object_component_ref idref="oc-de"/>
      </symbol>
      <symbol id="sm-fe">
         <name>rxFlag</name>
         <value>0x200004a4</value>
         <object_component_ref idref="oc-a9"/>
      </symbol>
      <symbol id="sm-ff">
         <name>main</name>
         <value>0x7a5</value>
         <object_component_ref idref="oc-de"/>
      </symbol>
      <symbol id="sm-100">
         <name>delay</name>
         <value>0x703</value>
         <object_component_ref idref="oc-de"/>
      </symbol>
      <symbol id="sm-101">
         <name>sysClock</name>
         <value>0x200004a8</value>
         <object_component_ref idref="oc-a9"/>
      </symbol>
      <symbol id="sm-102">
         <name>CANIntHandler</name>
         <value>0x73f</value>
         <object_component_ref idref="oc-de"/>
      </symbol>
      <symbol id="sm-103">
         <name>key_input</name>
         <value>0x200004a6</value>
         <object_component_ref idref="oc-a9"/>
      </symbol>
      <symbol id="sm-104">
         <name>UARTwrite</name>
         <value>0x2b3</value>
         <object_component_ref idref="oc-de"/>
      </symbol>
      <symbol id="sm-105">
         <name>errFlag</name>
         <value>0x200004a5</value>
         <object_component_ref idref="oc-a9"/>
      </symbol>
      <symbol id="sm-106">
         <name>UARTprintf</name>
         <value>0x6df</value>
         <object_component_ref idref="oc-de"/>
      </symbol>
      <symbol id="sm-107">
         <name>UARTvprintf</name>
         <value>0x3e5</value>
         <object_component_ref idref="oc-de"/>
      </symbol>
      <symbol id="sm-1c6">
         <name>rxMsg</name>
         <value>0x20000470</value>
      </symbol>
      <symbol id="sm-1c7">
         <name>txMsg</name>
         <value>0x20000484</value>
      </symbol>
      <symbol id="sm-1c8">
         <name>navigation</name>
         <value>0x1905</value>
         <object_component_ref idref="oc-a0"/>
      </symbol>
      <symbol id="sm-1c9">
         <name>warnings</name>
         <value>0x17af</value>
         <object_component_ref idref="oc-a0"/>
      </symbol>
      <symbol id="sm-1ca">
         <name>startup</name>
         <value>0x1795</value>
         <object_component_ref idref="oc-a0"/>
      </symbol>
      <symbol id="sm-1cb">
         <name>setSpeedRPM</name>
         <value>0x198f</value>
         <object_component_ref idref="oc-a0"/>
      </symbol>
      <symbol id="sm-1cc">
         <name>sendMsg</name>
         <value>0x1739</value>
         <object_component_ref idref="oc-a0"/>
      </symbol>
      <symbol id="sm-1cd">
         <name>launch_controls</name>
         <value>0x187b</value>
         <object_component_ref idref="oc-a0"/>
      </symbol>
      <symbol id="sm-1ec">
         <name>TIMER0Handler</name>
         <value>0x24dd</value>
         <object_component_ref idref="oc-230"/>
      </symbol>
      <symbol id="sm-1ed">
         <name>counter</name>
         <value>0x200004b8</value>
         <object_component_ref idref="oc-238"/>
      </symbol>
      <symbol id="sm-1ee">
         <name>speedType</name>
         <value>0x200004b4</value>
         <object_component_ref idref="oc-238"/>
      </symbol>
      <symbol id="sm-1ef">
         <name>timer0Flag</name>
         <value>0x200004b0</value>
         <object_component_ref idref="oc-238"/>
      </symbol>
      <symbol id="sm-222">
         <name>interpret_key</name>
         <value>0x1c03</value>
         <object_component_ref idref="oc-2d"/>
      </symbol>
      <symbol id="sm-223">
         <name>increaseSpeed</name>
         <value>0x1a95</value>
         <object_component_ref idref="oc-2d"/>
      </symbol>
      <symbol id="sm-224">
         <name>decreaseSpeed</name>
         <value>0x1ac9</value>
         <object_component_ref idref="oc-2d"/>
      </symbol>
      <symbol id="sm-225">
         <name>speed</name>
         <value>0x200004bc</value>
         <object_component_ref idref="oc-a6"/>
      </symbol>
      <symbol id="sm-226">
         <name>idleSpeed</name>
         <value>0x1b4b</value>
         <object_component_ref idref="oc-2d"/>
      </symbol>
      <symbol id="sm-227">
         <name>RPM</name>
         <value>0x200004c0</value>
         <object_component_ref idref="oc-a6"/>
      </symbol>
      <symbol id="sm-228">
         <name>UART0Handler</name>
         <value>0x1bcb</value>
         <object_component_ref idref="oc-2d"/>
      </symbol>
      <symbol id="sm-244">
         <name>ResetISR</name>
         <value>0x344b</value>
         <object_component_ref idref="oc-27"/>
      </symbol>
      <symbol id="sm-245">
         <name>g_pfnVectors</name>
         <value>0x0</value>
         <object_component_ref idref="oc-12"/>
      </symbol>
      <symbol id="sm-2f7">
         <name>CANIntRegister</name>
         <value>0x3387</value>
         <object_component_ref idref="oc-1f1"/>
      </symbol>
      <symbol id="sm-2f8">
         <name>CANBitRateSet</name>
         <value>0x2c79</value>
         <object_component_ref idref="oc-1eb"/>
      </symbol>
      <symbol id="sm-2f9">
         <name>CANEnable</name>
         <value>0x3457</value>
         <object_component_ref idref="oc-1fd"/>
      </symbol>
      <symbol id="sm-2fa">
         <name>CANStatusGet</name>
         <value>0x3021</value>
         <object_component_ref idref="oc-194"/>
      </symbol>
      <symbol id="sm-2fb">
         <name>CANMessageSet</name>
         <value>0x2295</value>
         <object_component_ref idref="oc-fb"/>
      </symbol>
      <symbol id="sm-2fc">
         <name>CANIntClear</name>
         <value>0x32cd</value>
         <object_component_ref idref="oc-19a"/>
      </symbol>
      <symbol id="sm-2fd">
         <name>CANIntStatus</name>
         <value>0x32ef</value>
         <object_component_ref idref="oc-18e"/>
      </symbol>
      <symbol id="sm-2fe">
         <name>CANInit</name>
         <value>0x30e1</value>
         <object_component_ref idref="oc-1e5"/>
      </symbol>
      <symbol id="sm-2ff">
         <name>CANIntEnable</name>
         <value>0x347f</value>
         <object_component_ref idref="oc-1f7"/>
      </symbol>
      <symbol id="sm-341">
         <name>GPIOPinConfigure</name>
         <value>0x2e71</value>
         <object_component_ref idref="oc-1af"/>
      </symbol>
      <symbol id="sm-342">
         <name>GPIOPinTypeUART</name>
         <value>0x33e5</value>
         <object_component_ref idref="oc-1b5"/>
      </symbol>
      <symbol id="sm-343">
         <name>GPIODirModeSet</name>
         <value>0x3257</value>
         <object_component_ref idref="oc-2f0"/>
      </symbol>
      <symbol id="sm-344">
         <name>GPIOPadConfigSet</name>
         <value>0x2129</value>
         <object_component_ref idref="oc-2f6"/>
      </symbol>
      <symbol id="sm-345">
         <name>GPIOPinTypeCAN</name>
         <value>0x33cf</value>
         <object_component_ref idref="oc-1df"/>
      </symbol>
      <symbol id="sm-387">
         <name>IntPrioritySet</name>
         <value>0x3285</value>
         <object_component_ref idref="oc-1cd"/>
      </symbol>
      <symbol id="sm-388">
         <name>IntEnable</name>
         <value>0x2ce5</value>
         <object_component_ref idref="oc-1d3"/>
      </symbol>
      <symbol id="sm-389">
         <name>IntRegister</name>
         <value>0x318d</value>
         <object_component_ref idref="oc-305"/>
      </symbol>
      <symbol id="sm-38a">
         <name>g_pfnRAMVectors</name>
         <value>0x20000000</value>
         <object_component_ref idref="oc-38c"/>
      </symbol>
      <symbol id="sm-3e8">
         <name>SysCtlPeripheralPresent</name>
         <value>0x311d</value>
         <object_component_ref idref="oc-164"/>
      </symbol>
      <symbol id="sm-3e9">
         <name>SysCtlClockSet</name>
         <value>0x28f5</value>
         <object_component_ref idref="oc-1a3"/>
      </symbol>
      <symbol id="sm-3ea">
         <name>SysCtlDelay</name>
         <value>0x34a1</value>
         <object_component_ref idref="oc-18d"/>
      </symbol>
      <symbol id="sm-3eb">
         <name>SysCtlPeripheralEnable</name>
         <value>0x31c1</value>
         <object_component_ref idref="oc-16a"/>
      </symbol>
      <symbol id="sm-3ec">
         <name>SysCtlClockGet</name>
         <value>0x23c5</value>
         <object_component_ref idref="oc-1a9"/>
      </symbol>
      <symbol id="sm-447">
         <name>TimerLoadSet</name>
         <value>0x340f</value>
         <object_component_ref idref="oc-218"/>
      </symbol>
      <symbol id="sm-448">
         <name>TimerIntRegister</name>
         <value>0x339f</value>
         <object_component_ref idref="oc-21e"/>
      </symbol>
      <symbol id="sm-449">
         <name>TimerEnable</name>
         <value>0x3421</value>
         <object_component_ref idref="oc-22a"/>
      </symbol>
      <symbol id="sm-44a">
         <name>TimerIntEnable</name>
         <value>0x3487</value>
         <object_component_ref idref="oc-224"/>
      </symbol>
      <symbol id="sm-44b">
         <name>TimerConfigure</name>
         <value>0x2db5</value>
         <object_component_ref idref="oc-203"/>
      </symbol>
      <symbol id="sm-44c">
         <name>TimerIntClear</name>
         <value>0x34b3</value>
         <object_component_ref idref="oc-339"/>
      </symbol>
      <symbol id="sm-4d6">
         <name>UARTConfigSetExpClk</name>
         <value>0x2f51</value>
         <object_component_ref idref="oc-170"/>
      </symbol>
      <symbol id="sm-4d7">
         <name>UARTDisable</name>
         <value>0x3311</value>
         <object_component_ref idref="oc-2cd"/>
      </symbol>
      <symbol id="sm-4d8">
         <name>UARTIntEnable</name>
         <value>0x348f</value>
         <object_component_ref idref="oc-1d9"/>
      </symbol>
      <symbol id="sm-4d9">
         <name>UARTCharsAvail</name>
         <value>0x342f</value>
         <object_component_ref idref="oc-95"/>
      </symbol>
      <symbol id="sm-4da">
         <name>UARTClockSourceSet</name>
         <value>0x34a7</value>
         <object_component_ref idref="oc-1c1"/>
      </symbol>
      <symbol id="sm-4db">
         <name>UARTCharPut</name>
         <value>0x346b</value>
         <object_component_ref idref="oc-17c"/>
      </symbol>
      <symbol id="sm-4dc">
         <name>UARTEnable</name>
         <value>0x33fb</value>
         <object_component_ref idref="oc-176"/>
      </symbol>
      <symbol id="sm-4dd">
         <name>UARTIntClear</name>
         <value>0x34b7</value>
         <object_component_ref idref="oc-89"/>
      </symbol>
      <symbol id="sm-4de">
         <name>UARTIntStatus</name>
         <value>0x3475</value>
         <object_component_ref idref="oc-83"/>
      </symbol>
      <symbol id="sm-4df">
         <name>UARTCharGet</name>
         <value>0x3461</value>
         <object_component_ref idref="oc-8f"/>
      </symbol>
      <symbol id="sm-4e0">
         <name>UARTFIFOLevelSet</name>
         <value>0x34ad</value>
         <object_component_ref idref="oc-1bb"/>
      </symbol>
      <symbol id="sm-4e1">
         <name>UARTIntRegister</name>
         <value>0x33b7</value>
         <object_component_ref idref="oc-1c7"/>
      </symbol>
      <symbol id="sm-53d">
         <name>cosl</name>
         <value>0x115d</value>
         <object_component_ref idref="oc-344"/>
      </symbol>
      <symbol id="sm-53e">
         <name>cos</name>
         <value>0x115d</value>
         <object_component_ref idref="oc-344"/>
      </symbol>
      <symbol id="sm-555">
         <name>__aeabi_dsub</name>
         <value>0x1c8d</value>
         <object_component_ref idref="oc-79"/>
      </symbol>
      <symbol id="sm-556">
         <name>__aeabi_dadd</name>
         <value>0x1c97</value>
         <object_component_ref idref="oc-79"/>
      </symbol>
      <symbol id="sm-578">
         <name>__aeabi_cdcmpeq</name>
         <value>0x2a85</value>
         <object_component_ref idref="oc-3af"/>
      </symbol>
      <symbol id="sm-579">
         <name>__aeabi_cdcmple</name>
         <value>0x2a85</value>
         <object_component_ref idref="oc-3af"/>
      </symbol>
      <symbol id="sm-57a">
         <name>__aeabi_cdrcmple</name>
         <value>0x2b0b</value>
         <object_component_ref idref="oc-402"/>
      </symbol>
      <symbol id="sm-585">
         <name>__aeabi_dmul</name>
         <value>0x2701</value>
         <object_component_ref idref="oc-20e"/>
      </symbol>
      <symbol id="sm-58f">
         <name>__aeabi_d2iz</name>
         <value>0x2f09</value>
         <object_component_ref idref="oc-3a4"/>
      </symbol>
      <symbol id="sm-59b">
         <name>__aeabi_d2f</name>
         <value>0x2c0b</value>
         <object_component_ref idref="oc-7e"/>
      </symbol>
      <symbol id="sm-5a5">
         <name>__aeabi_d2uiz</name>
         <value>0x2fdd</value>
         <object_component_ref idref="oc-213"/>
      </symbol>
      <symbol id="sm-5b0">
         <name>__aeabi_f2d</name>
         <value>0x3155</value>
         <object_component_ref idref="oc-74"/>
      </symbol>
      <symbol id="sm-5ba">
         <name>__aeabi_i2d</name>
         <value>0x3229</value>
         <object_component_ref idref="oc-33f"/>
      </symbol>
      <symbol id="sm-5c4">
         <name>__aeabi_ui2d</name>
         <value>0x3331</value>
         <object_component_ref idref="oc-209"/>
      </symbol>
      <symbol id="sm-5d3">
         <name>__aeabi_memset</name>
         <value>0x2b93</value>
         <object_component_ref idref="oc-9b"/>
      </symbol>
      <symbol id="sm-5d4">
         <name>memset</name>
         <value>0x2b99</value>
         <object_component_ref idref="oc-9b"/>
      </symbol>
      <symbol id="sm-5d5">
         <name>__aeabi_memset8</name>
         <value>0x2b93</value>
         <object_component_ref idref="oc-9b"/>
      </symbol>
      <symbol id="sm-5d6">
         <name>__aeabi_memset4</name>
         <value>0x2b93</value>
         <object_component_ref idref="oc-9b"/>
      </symbol>
      <symbol id="sm-5d7">
         <name>__aeabi_memclr8</name>
         <value>0x2b91</value>
         <object_component_ref idref="oc-9b"/>
      </symbol>
      <symbol id="sm-5d8">
         <name>__aeabi_memclr4</name>
         <value>0x2b91</value>
         <object_component_ref idref="oc-9b"/>
      </symbol>
      <symbol id="sm-5d9">
         <name>__aeabi_memclr</name>
         <value>0x2b91</value>
         <object_component_ref idref="oc-9b"/>
      </symbol>
      <symbol id="sm-5e8">
         <name>__aeabi_uidivmod</name>
         <value>0x30a1</value>
         <object_component_ref idref="oc-188"/>
      </symbol>
      <symbol id="sm-5e9">
         <name>__aeabi_uidiv</name>
         <value>0x30a1</value>
         <object_component_ref idref="oc-188"/>
      </symbol>
      <symbol id="sm-602">
         <name>__TI_zero_init_nomemset</name>
         <value>0x3351</value>
         <object_component_ref idref="oc-4d"/>
      </symbol>
      <symbol id="sm-619">
         <name>__TI_decompress_none</name>
         <value>0x343d</value>
         <object_component_ref idref="oc-1b"/>
      </symbol>
      <symbol id="sm-63c">
         <name>__TI_decompress_lzss</name>
         <value>0x2d4d</value>
         <object_component_ref idref="oc-15"/>
      </symbol>
      <symbol id="sm-6ac">
         <name>__kernel_rem_pio2</name>
         <value>0xa25</value>
         <object_component_ref idref="oc-3b4"/>
      </symbol>
      <symbol id="sm-6bf">
         <name>__stack</name>
         <value>0x20000270</value>
         <object_component_ref idref="oc-24"/>
      </symbol>
      <symbol id="sm-6c0">
         <name>_c_int00_noargs</name>
         <value>0x31f5</value>
         <object_component_ref idref="oc-5f"/>
      </symbol>
      <symbol id="sm-6d6">
         <name>__kernel_cos</name>
         <value>0x1fb9</value>
         <object_component_ref idref="oc-3a9"/>
      </symbol>
      <symbol id="sm-6ed">
         <name>__kernel_sin</name>
         <value>0x1e45</value>
         <object_component_ref idref="oc-3ba"/>
      </symbol>
      <symbol id="sm-70a">
         <name>floorl</name>
         <value>0x27fd</value>
         <object_component_ref idref="oc-3fc"/>
      </symbol>
      <symbol id="sm-70b">
         <name>floor</name>
         <value>0x27fd</value>
         <object_component_ref idref="oc-3fc"/>
      </symbol>
      <symbol id="sm-728">
         <name>scalbn</name>
         <value>0x25f1</value>
         <object_component_ref idref="oc-3f6"/>
      </symbol>
      <symbol id="sm-729">
         <name>scalbnl</name>
         <value>0x25f1</value>
         <object_component_ref idref="oc-3f6"/>
      </symbol>
      <symbol id="sm-72a">
         <name>ldexpl</name>
         <value>0x25f1</value>
         <object_component_ref idref="oc-3f6"/>
      </symbol>
      <symbol id="sm-72b">
         <name>ldexp</name>
         <value>0x25f1</value>
         <object_component_ref idref="oc-3f6"/>
      </symbol>
      <symbol id="sm-735">
         <name>__aeabi_idiv0</name>
         <value>0x1e43</value>
         <object_component_ref idref="oc-2da"/>
      </symbol>
      <symbol id="sm-736">
         <name>__aeabi_ldiv0</name>
         <value>0x1e43</value>
         <object_component_ref idref="oc-2da"/>
      </symbol>
      <symbol id="sm-751">
         <name>memcpy</name>
         <value>0x29e9</value>
         <object_component_ref idref="oc-41"/>
      </symbol>
      <symbol id="sm-752">
         <name>__aeabi_memcpy</name>
         <value>0x29e9</value>
         <object_component_ref idref="oc-41"/>
      </symbol>
      <symbol id="sm-753">
         <name>__aeabi_memcpy8</name>
         <value>0x29e9</value>
         <object_component_ref idref="oc-41"/>
      </symbol>
      <symbol id="sm-754">
         <name>__aeabi_memcpy4</name>
         <value>0x29e9</value>
         <object_component_ref idref="oc-41"/>
      </symbol>
      <symbol id="sm-77c">
         <name>__TI_auto_init_nobinit_nopinit</name>
         <value>0x2f99</value>
         <object_component_ref idref="oc-247"/>
      </symbol>
      <symbol id="sm-786">
         <name>_system_pre_init</name>
         <value>0x34bb</value>
         <object_component_ref idref="oc-d8"/>
      </symbol>
      <symbol id="sm-792">
         <name>C$$EXIT</name>
         <value>0x34bf</value>
         <object_component_ref idref="oc-23b"/>
      </symbol>
      <symbol id="sm-793">
         <name>abort</name>
         <value>0x34bf</value>
         <object_component_ref idref="oc-23b"/>
      </symbol>
      <symbol id="sm-7ab">
         <name>__aeabi_errno_addr</name>
         <value>0x3499</value>
         <object_component_ref idref="oc-42c"/>
      </symbol>
      <symbol id="sm-7ac">
         <name>errno</name>
         <value>0x200004c4</value>
         <object_component_ref idref="oc-448"/>
      </symbol>
      <symbol id="sm-7b6">
         <name>copysign</name>
         <value>0x336d</value>
         <object_component_ref idref="oc-432"/>
      </symbol>
      <symbol id="sm-7b7">
         <name>copysignl</name>
         <value>0x336d</value>
         <object_component_ref idref="oc-432"/>
      </symbol>
      <symbol id="sm-7b8">
         <name>__TI_static_base__</name>
         <value>0x0</value>
      </symbol>
      <symbol id="sm-7bb">
         <name>__mpu_init</name>
         <value>0x0</value>
      </symbol>
      <symbol id="sm-7bc">
         <name>_system_post_cinit</name>
         <value>0x0</value>
      </symbol>
   </symbol_table>
   <title>Link successful</title>
</link_info>
