******************************************************************************
                  TI ARM Linker Unix v20.2.7                   
******************************************************************************
>> Linked Mon Jul 21 13:08:36 2025

OUTPUT FILE NAME:   <S550 Cluster Recieve.out>
ENTRY POINT SYMBOL: "_c_int00_noargs"  address: 000012ed


MEMORY CONFIGURATION

         name            origin    length      used     unused   attr    fill
----------------------  --------  ---------  --------  --------  ----  --------
  FLASH                 00000000   00040000  0000164e  0003e9b2  R  X
  SRAM                  20000000   00008000  00000473  00007b8d  RW X


SEGMENT ALLOCATION MAP

run origin  load origin   length   init length attrs members
----------  ----------- ---------- ----------- ----- -------
00000000    00000000    00001650   00001650    r-x
  00000000    00000000    0000026c   0000026c    r-- .intvecs
  0000026c    0000026c    00001252   00001252    r-x .text
  000014c0    000014c0    00000160   00000160    r-- .const
  00001620    00001620    00000030   00000030    r-- .cinit
20000000    20000000    00000477   00000000    rw-
  20000000    20000000    0000026c   00000000    rw- .vtable
  20000270    20000270    00000200   00000000    rw- .stack
  20000470    20000470    00000007   00000000    rw- .data


SECTION ALLOCATION MAP

 output                                  attributes/
section   page    origin      length       input sections
--------  ----  ----------  ----------   ----------------
.intvecs   0    00000000    0000026c     
                  00000000    0000026c     tm4c123gh6pm_startup_ccs.obj (.intvecs)

.text      0    0000026c    00001252     
                  0000026c    00000658     main(rx).obj (.text)
                  000008c4    0000016c     driverlib.lib : gpio.obj (.text:GPIOPadConfigSet)
                  00000a30    00000130                   : can.obj (.text:CANMessageSet)
                  00000b60    00000118                   : sysctl.obj (.text:SysCtlClockGet)
                  00000c78    00000116                   : can.obj (.text:CANMessageGet)
                  00000d8e    00000002     rtsv7M4_T_le_v4SPD16_eabi.lib : div0.asm.obj (.text)
                  00000d90    000000f4     driverlib.lib : sysctl.obj (.text:SysCtlClockSet)
                  00000e84    0000009c     rtsv7M4_T_le_v4SPD16_eabi.lib : memcpy_t2.asm.obj (.text)
                  00000f20    0000006c     driverlib.lib : can.obj (.text:CANBitRateSet)
                  00000f8c    00000068                   : interrupt.obj (.text:IntEnable)
                  00000ff4    00000068     rtsv7M4_T_le_v4SPD16_eabi.lib : copy_decompress_lzss.c.obj (.text:decompress:lzss:__TI_decompress_lzss)
                  0000105c    0000005c     driverlib.lib : can.obj (.text:_CANIntNumberGet)
                  000010b8    0000004c                   : gpio.obj (.text:GPIOPinConfigure)
                  00001104    00000046                   : uart.obj (.text:UARTConfigSetExpClk)
                  0000114a    00000002     --HOLE-- [fill = 0]
                  0000114c    00000044     rtsv7M4_T_le_v4SPD16_eabi.lib : autoinit.c.obj (.text:__TI_auto_init_nobinit_nopinit:__TI_auto_init_nobinit_nopinit)
                  00001190    00000040     driverlib.lib : can.obj (.text:CANStatusGet)
                  000011d0    00000040     rtsv7M4_T_le_v4SPD16_eabi.lib : u_divt2.asm.obj (.text)
                  00001210    0000003a     driverlib.lib : can.obj (.text:CANInit)
                  0000124a    00000002     --HOLE-- [fill = 0]
                  0000124c    00000038                   : sysctl.obj (.text:SysCtlPeripheralPresent)
                  00001284    00000034                   : interrupt.obj (.text:IntRegister)
                  000012b8    00000034                   : sysctl.obj (.text:SysCtlPeripheralEnable)
                  000012ec    00000034     rtsv7M4_T_le_v4SPD16_eabi.lib : boot_cortex_m.c.obj (.text:_c_int00_noargs:_c_int00_noargs)
                  00001320    0000002c     driverlib.lib : gpio.obj (.text:GPIODirModeSet)
                  0000134c    0000002a                   : can.obj (.text:_CANDataRegRead)
                  00001376    00000024                   : can.obj (.text:_CANDataRegWrite)
                  0000139a    00000022                   : can.obj (.text:CANIntClear)
                  000013bc    00000020                   : can.obj (.text:CANIntStatus)
                  000013dc    00000020                   : uart.obj (.text:UARTDisable)
                  000013fc    0000001c     rtsv7M4_T_le_v4SPD16_eabi.lib : copy_zero_init.c.obj (.text:decompress:ZI:__TI_zero_init_nomemset:__TI_zero_init_nomemset)
                  00001418    00000018     driverlib.lib : can.obj (.text:CANIntRegister)
                  00001430    00000016                   : gpio.obj (.text:GPIOPinTypeCAN)
                  00001446    00000016                   : gpio.obj (.text:GPIOPinTypeUART)
                  0000145c    00000014                   : uart.obj (.text:UARTEnable)
                  00001470    0000000e     rtsv7M4_T_le_v4SPD16_eabi.lib : copy_decompress_none.c.obj (.text:decompress:none:__TI_decompress_none)
                  0000147e    0000000c     tm4c123gh6pm_startup_ccs.obj (.text)
                  0000148a    0000000a     driverlib.lib : can.obj (.text:CANEnable)
                  00001494    0000000a                   : uart.obj (.text:UARTCharGet)
                  0000149e    0000000a                   : uart.obj (.text:UARTCharPut)
                  000014a8    00000008                   : can.obj (.text:CANIntEnable)
                  000014b0    00000006                   : sysctl.obj (.text:SysCtlDelay)
                  000014b6    00000004     rtsv7M4_T_le_v4SPD16_eabi.lib : pre_init.c.obj (.text:_system_pre_init)
                  000014ba    00000004                                   : exit.c.obj (.text:abort:abort)

.const     0    000014c0    00000160     
                  000014c0    00000090     driverlib.lib : gpio.obj (.const:g_pui32GPIOBaseAddrs)
                  00001550    0000006c                   : sysctl.obj (.const:g_pui32Xtals)
                  000015bc    00000020                   : can.obj (.const:g_ui16CANBitValues)
                  000015dc    00000014                   : interrupt.obj (.const:g_pui32EnRegs)
                  000015f0    00000012     main(rx).obj (.const:.string)
                  00001602    00000002     --HOLE-- [fill = 0]
                  00001604    0000000c     main(rx).obj (.const:g_ui32UARTBase)
                  00001610    0000000c     main(rx).obj (.const:g_ui32UARTPeriph)
                  0000161c    00000004     main(rx).obj (.const)

.cinit     0    00001620    00000030     
                  00001620    0000000c     (__TI_handler_table)
                  0000162c    00000004     --HOLE-- [fill = 0]
                  00001630    00000008     (.cinit..vtable.load) [load image, compression = zero_init]
                  00001638    00000007     (.cinit..data.load) [load image, compression = lzss]
                  0000163f    00000001     --HOLE-- [fill = 0]
                  00001640    00000010     (__TI_cinit_table)

.init_array 
*          0    00000000    00000000     UNINITIALIZED

.vtable    0    20000000    0000026c     UNINITIALIZED
                  20000000    0000026c     driverlib.lib : interrupt.obj (.vtable)

.data      0    20000470    00000007     UNINITIALIZED
                  20000470    00000007     main(rx).obj (.data)

.stack     0    20000270    00000200     UNINITIALIZED
                  20000270    00000004     rtsv7M4_T_le_v4SPD16_eabi.lib : boot_cortex_m.c.obj (.stack)
                  20000274    000001fc     --HOLE--

__llvm_prf_cnts 
*          0    20000000    00000000     UNINITIALIZED

MODULE SUMMARY

       Module                         code   ro data   rw data
       ------                         ----   -------   -------
    ./
       main(rx).obj                   1624   46        7      
       tm4c123gh6pm_startup_ccs.obj   12     620       0      
    +--+------------------------------+------+---------+---------+
       Total:                         1636   666       7      
                                                              
    /Applications/ti/TivaWare-2.2.0.295/driverlib/ccs/Debug/driverlib.lib
       can.obj                        1090   32        0      
       interrupt.obj                  156    20        620    
       sysctl.obj                     638    108       0      
       gpio.obj                       528    144       0      
       uart.obj                       142    0         0      
    +--+------------------------------+------+---------+---------+
       Total:                         2554   304       620    
                                                              
    /Applications/ti/ccs1281/ccs/tools/compiler/ti-cgt-arm_20.2.7.LTS/lib/rtsv7M4_T_le_v4SPD16_eabi.lib
       memcpy_t2.asm.obj              156    0         0      
       copy_decompress_lzss.c.obj     104    0         0      
       autoinit.c.obj                 68     0         0      
       u_divt2.asm.obj                64     0         0      
       boot_cortex_m.c.obj            52     0         0      
       copy_zero_init.c.obj           28     0         0      
       copy_decompress_none.c.obj     14     0         0      
       exit.c.obj                     4      0         0      
       pre_init.c.obj                 4      0         0      
       div0.asm.obj                   2      0         0      
    +--+------------------------------+------+---------+---------+
       Total:                         496    0         0      
                                                              
       Stack:                         0      0         512    
       Linker Generated:              0      43        0      
    +--+------------------------------+------+---------+---------+
       Grand Total:                   4686   1013      1139   


LINKER GENERATED COPY TABLES

__TI_cinit_table @ 00001640 records: 2, size/record: 8, table size: 16
	.vtable: load addr=00001630, load size=00000008 bytes, run addr=20000000, run size=0000026c bytes, compression=zero_init
	.data: load addr=00001638, load size=00000007 bytes, run addr=20000470, run size=00000007 bytes, compression=lzss


LINKER GENERATED HANDLER TABLE

__TI_handler_table @ 00001620 records: 3, size/record: 4, table size: 12
	index: 0, handler: __TI_zero_init
	index: 1, handler: __TI_decompress_lzss
	index: 2, handler: __TI_decompress_none


GLOBAL SYMBOLS: SORTED ALPHABETICALLY BY Name 

address   name                          
-------   ----                          
000014bb  C$$EXIT                       
00000f21  CANBitRateSet                 
0000148b  CANEnable                     
00001211  CANInit                       
0000139b  CANIntClear                   
000014a9  CANIntEnable                  
00000703  CANIntHandler                 
00001419  CANIntRegister                
000013bd  CANIntStatus                  
00000c79  CANMessageGet                 
00000a31  CANMessageSet                 
00001191  CANStatusGet                  
00001321  GPIODirModeSet                
000008c5  GPIOPadConfigSet              
000010b9  GPIOPinConfigure              
00001431  GPIOPinTypeCAN                
00001447  GPIOPinTypeUART               
00000f8d  IntEnable                     
00001285  IntRegister                   
0000147f  ResetISR                      
00000b61  SysCtlClockGet                
00000d91  SysCtlClockSet                
000014b1  SysCtlDelay                   
000012b9  SysCtlPeripheralEnable        
0000124d  SysCtlPeripheralPresent       
00001495  UARTCharGet                   
0000149f  UARTCharPut                   
00001105  UARTConfigSetExpClk           
000013dd  UARTDisable                   
0000145d  UARTEnable                    
0000026d  UARTStdioConfig               
000003bd  UARTgetc                      
00000303  UARTgets                      
000006df  UARTprintf                    
000003e5  UARTvprintf                   
000002b3  UARTwrite                     
20000470  __STACK_END                   
00000200  __STACK_SIZE                  
20000470  __STACK_TOP                   
00001640  __TI_CINIT_Base               
00001650  __TI_CINIT_Limit              
00001620  __TI_Handler_Table_Base       
0000162c  __TI_Handler_Table_Limit      
0000114d  __TI_auto_init_nobinit_nopinit
00000ff5  __TI_decompress_lzss          
00001471  __TI_decompress_none          
ffffffff  __TI_pprof_out_hndl           
ffffffff  __TI_prof_data_size           
ffffffff  __TI_prof_data_start          
00000000  __TI_static_base__            
000013fd  __TI_zero_init_nomemset       
00000d8f  __aeabi_idiv0                 
00000d8f  __aeabi_ldiv0                 
00000e85  __aeabi_memcpy                
00000e85  __aeabi_memcpy4               
00000e85  __aeabi_memcpy8               
000011d1  __aeabi_uidiv                 
000011d1  __aeabi_uidivmod              
ffffffff  __binit__                     
ffffffff  __c_args__                    
UNDEFED   __mpu_init                    
20000270  __stack                       
20000000  __start___llvm_prf_cnts       
20000000  __stop___llvm_prf_cnts        
000012ed  _c_int00_noargs               
UNDEFED   _system_post_cinit            
000014b7  _system_pre_init              
000014bb  abort                         
ffffffff  binit                         
UNDEFED   delay                         
20000475  errFlag                       
20000000  g_pfnRAMVectors               
00000000  g_pfnVectors                  
0000074f  main                          
00000e85  memcpy                        
20000474  rxFlag                        


GLOBAL SYMBOLS: SORTED BY Symbol Address 

address   name                          
-------   ----                          
00000000  __TI_static_base__            
00000000  g_pfnVectors                  
00000200  __STACK_SIZE                  
0000026d  UARTStdioConfig               
000002b3  UARTwrite                     
00000303  UARTgets                      
000003bd  UARTgetc                      
000003e5  UARTvprintf                   
000006df  UARTprintf                    
00000703  CANIntHandler                 
0000074f  main                          
000008c5  GPIOPadConfigSet              
00000a31  CANMessageSet                 
00000b61  SysCtlClockGet                
00000c79  CANMessageGet                 
00000d8f  __aeabi_idiv0                 
00000d8f  __aeabi_ldiv0                 
00000d91  SysCtlClockSet                
00000e85  __aeabi_memcpy                
00000e85  __aeabi_memcpy4               
00000e85  __aeabi_memcpy8               
00000e85  memcpy                        
00000f21  CANBitRateSet                 
00000f8d  IntEnable                     
00000ff5  __TI_decompress_lzss          
000010b9  GPIOPinConfigure              
00001105  UARTConfigSetExpClk           
0000114d  __TI_auto_init_nobinit_nopinit
00001191  CANStatusGet                  
000011d1  __aeabi_uidiv                 
000011d1  __aeabi_uidivmod              
00001211  CANInit                       
0000124d  SysCtlPeripheralPresent       
00001285  IntRegister                   
000012b9  SysCtlPeripheralEnable        
000012ed  _c_int00_noargs               
00001321  GPIODirModeSet                
0000139b  CANIntClear                   
000013bd  CANIntStatus                  
000013dd  UARTDisable                   
000013fd  __TI_zero_init_nomemset       
00001419  CANIntRegister                
00001431  GPIOPinTypeCAN                
00001447  GPIOPinTypeUART               
0000145d  UARTEnable                    
00001471  __TI_decompress_none          
0000147f  ResetISR                      
0000148b  CANEnable                     
00001495  UARTCharGet                   
0000149f  UARTCharPut                   
000014a9  CANIntEnable                  
000014b1  SysCtlDelay                   
000014b7  _system_pre_init              
000014bb  C$$EXIT                       
000014bb  abort                         
00001620  __TI_Handler_Table_Base       
0000162c  __TI_Handler_Table_Limit      
00001640  __TI_CINIT_Base               
00001650  __TI_CINIT_Limit              
20000000  __start___llvm_prf_cnts       
20000000  __stop___llvm_prf_cnts        
20000000  g_pfnRAMVectors               
20000270  __stack                       
20000470  __STACK_END                   
20000470  __STACK_TOP                   
20000474  rxFlag                        
20000475  errFlag                       
ffffffff  __TI_pprof_out_hndl           
ffffffff  __TI_prof_data_size           
ffffffff  __TI_prof_data_start          
ffffffff  __binit__                     
ffffffff  __c_args__                    
ffffffff  binit                         
UNDEFED   __mpu_init                    
UNDEFED   _system_post_cinit            
UNDEFED   delay                         

[76 symbols]
